{
    "seed": 8649349629383538566,
    "samples": [
        {
            "address2": "\naÕ,é~\u0014ÓE.Ôâh2j",
            "boss": {
                "created": "1864-04-25T00:00:01.011Z",
                "name": "v³\u0003ok",
                "id": 8
            }
        },
        {
            "address2": "'¿À\u0014\u0012Á",
            "boss": null
        },
        {
            "address2": "\u0003Ro:\u0016Xa/3¥|\u0002\u001b\u0015",
            "boss": {
                "created": "1864-05-28T00:00:01.011Z",
                "name": "`",
                "id": -28
            }
        },
        {
            "address2": "ø\u001eóz\u001b\u0007?\u0016\n\u001eN\\\u000b>xEt©/<}",
            "boss": {
                "created": "1864-05-27T00:00:01.011Z",
                "name": null,
                "id": -1
            }
        },
        {
            "address2": "N\nâk<o\u0004>[Ö;?\"\u0002",
            "boss": null
        },
        {
            "address2": "Å.ë¥xi\u001eC|Kk&OË¸°mo|p?",
            "boss": {
                "created": "1864-06-07T00:00:01.011Z",
                "name": null,
                "id": 2
            }
        },
        {
            "address2": "n\u001b1ÙF\u0014\u00130\u000e&\u0010b\u0003\u0015\u0014\n#\rU\u001aY%Ýf\u0001",
            "boss": null
        },
        {
            "address2": "p!&¶>/w\u0003\u0011vyH\u0014\n+&tÜ',\u000eZ\u00076'Ew.ö",
            "boss": null
        },
        {
            "address2": "lJZ]%#O9\u0002=¶¿",
            "boss": {
                "created": "1864-05-07T00:00:01.011Z",
                "name": null,
                "id": 25
            }
        },
        {
            "address2": "}\u0003\u0017",
            "boss": {
                "created": "1864-05-27T00:00:01.011Z",
                "name": "8÷Dk5p\u0008\\",
                "id": -19
            }
        }
    ]
}