{
    "seed": -4011005448351895192,
    "samples": [
        {
            "ttpFirst": [],
            "ttpSecond": [],
            "ttpId": 25
        },
        {
            "ttpFirst": [],
            "ttpSecond": [],
            "ttpId": 21
        },
        {
            "ttpFirst": [],
            "ttpSecond": [],
            "ttpId": 9
        },
        {
            "ttpFirst": [],
            "ttpSecond": [],
            "ttpId": -15
        },
        {
            "ttpFirst": [],
            "ttpSecond": [],
            "ttpId": -5
        },
        {
            "ttpFirst": [],
            "ttpSecond": [],
            "ttpId": -19
        },
        {
            "ttpFirst": [],
            "ttpSecond": [],
            "ttpId": -30
        },
        {
            "ttpFirst": [],
            "ttpSecond": [],
            "ttpId": -2
        },
        {
            "ttpFirst": [],
            "ttpSecond": [],
            "ttpId": 3
        },
        {
            "ttpFirst": [],
            "ttpSecond": [],
            "ttpId": -12
        }
    ]
}