{
    "seed": 2344520278067540903,
    "samples": [
        {
            "tw": {
                "wpa": [
                    -10,
                    "lg\u0003/s;=󛢵F􅔩GuU\u0013)񁗶W莣=񄪐􃇀󩘗n-\u0012",
                    50.782299249198516
                ]
            }
        },
        {
            "tw": {
                "wpa": [
                    16,
                    "\u000f3_g񢔡\u000fqo\u0006H\u0003.񃫦L%\u0015󽏐\u0008񉴭񗦒VK9;",
                    -30.60528968307517
                ]
            }
        },
        {
            "tw": {
                "wpa": [
                    12,
                    "g,qj\u0001򺝯fYOl?*G6𞟢y󖎯򃍧.YV󐳚\"q񓚢k",
                    42.55982915211538
                ]
            }
        },
        {
            "tw": {
                "wpa": [
                    -26,
                    "lD󠲢|K;\u001e񅹿\u000c𗖼\u001b\u000e􇁐򭡖򅟩\u00173\u0007&g\u0013򂒽\u0005",
                    361.2981546587189
                ]
            }
        },
        {
            "tw": {
                "wpa": [
                    20,
                    "T񡜝z򑂒YP\u0012󴜨\r@\u0006EvR\u000fr􏖫\u0013Sw'NK",
                    20.60284980595362
                ]
            }
        },
        {
            "tw": {
                "wpa": [
                    -22,
                    "􅵭񩃾[}\u0007[\u0002󆴡\u000f񏮉[F?񞪮\u001bC\u0012􆚿D0<\u0016",
                    -26.703670501777662
                ]
            }
        },
        {
            "tw": {
                "wpa": [
                    6,
                    "W􈨭G\u0016K",
                    -15.656780863932926
                ]
            }
        },
        {
            "tw": {
                "wpa": [
                    21,
                    "F\u0014𾤸\u0016Z",
                    8.280621134725918
                ]
            }
        },
        {
            "tw": {
                "wpa": [
                    -11,
                    "@\u0004{𣛏銖\u001c񯱬񠡏s|񹶓 ",
                    -70.16178722739896
                ]
            }
        },
        {
            "tw": {
                "wpa": [
                    -4,
                    "|ro񚘶s2򘩪V:\u0017\u0005򒶓󭋡o>",
                    -19.195050150777067
                ]
            }
        }
    ]
}