{
    "seed": 116105612828041754,
    "samples": [
        {
            "threeFirst": 30,
            "threeString": "oM]8~I\u0019񢻩\u0012􀠤3",
            "threeThird": -17,
            "threeId": 11,
            "threeSecond": -29
        },
        {
            "threeFirst": 8,
            "threeString": "D=J\u0011\u001f󈧲c?h\t􌿸Pn󋶾Sk\u0003_\u0010򻀩1\r<\u001d񠇣.",
            "threeThird": 16,
            "threeId": 20,
            "threeSecond": -29
        },
        {
            "threeFirst": 12,
            "threeString": "k\u0019'r񵤸0T\u001cgv",
            "threeThird": 9,
            "threeId": 22,
            "threeSecond": -8
        },
        {
            "threeFirst": 16,
            "threeString": "\u00130\u0002{ndv\n;𺻶S\u0010򽴼󥱀󹡄",
            "threeThird": 29,
            "threeId": 28,
            "threeSecond": -10
        },
        {
            "threeFirst": -12,
            "threeString": "򥸿\u0017(6\u000e򰷹q\t򁫱w#|Z",
            "threeThird": -27,
            "threeId": -28,
            "threeSecond": 2
        },
        {
            "threeFirst": 26,
            "threeString": "`'%𲼌o𮒕 u0L󸓆󿣛BUlO\u0018Ԍ􍵠~L ",
            "threeThird": 13,
            "threeId": -14,
            "threeSecond": 14
        },
        {
            "threeFirst": -3,
            "threeString": "\u001c<?_Y6\u0000Vg:򚟩\u0003\u0004\u0002EG򰉢Mu򦋓\u000e򁆂\r󴗧`x󇌘",
            "threeThird": 8,
            "threeId": 26,
            "threeSecond": 29
        },
        {
            "threeFirst": -19,
            "threeString": "5\u000c󙆞򓚽\u000c𦢧",
            "threeThird": -20,
            "threeId": 22,
            "threeSecond": -15
        },
        {
            "threeFirst": -22,
            "threeString": "}VJ𻳓\u0011󌓹\u0005\u0016\u0005SS\tc򋴱򒆃C񯝚g򃨴\u000bL\"",
            "threeThird": -20,
            "threeId": 5,
            "threeSecond": -30
        },
        {
            "threeFirst": 26,
            "threeString": "GC󩘃[񟜝򲛇\u0001UZ",
            "threeThird": 11,
            "threeId": 20,
            "threeSecond": -19
        }
    ]
}