{
    "seed": -7534394447006652034,
    "samples": [
        {
            "ibA": {
                "created": "1864-06-06T00:00:01.011Z",
                "name": null,
                "id": -20
            },
            "ibS": "N񷕃A𠗄t󕏠󀧖\u001aNf\u0018␁򘊙\u00021M\u001f󯐚22𫭍󮉀l\u000b 򣄒\\",
            "ibX": 15
        },
        {
            "ibA": {
                "created": "1864-06-04T00:00:01.011Z",
                "name": null,
                "id": 28
            },
            "ibS": "+񗡥󡾱󙺯i󷩅f󂎰򛰿+r^\u0017c",
            "ibX": 22
        },
        {
            "ibA": {
                "created": "1864-04-23T00:00:01.011Z",
                "name": "^[K𿓹",
                "id": -19
            },
            "ibS": "N\u0015󁶗񰪃\u000e򠫹k\"r𓼕p:|i:6𩢂%\u0001ϔ",
            "ibX": 1
        },
        {
            "ibA": {
                "created": "1864-04-17T00:00:01.011Z",
                "name": "\u001f.1",
                "id": -16
            },
            "ibS": "A񽇣`\\G\u000f~𖻈q񟶙&",
            "ibX": 6
        },
        {
            "ibA": {
                "created": "1864-05-21T00:00:01.011Z",
                "name": "&Z\u001c+񊶄𦌠򫝲G(󼋒;:d񻔬\u0018Ld\u0019񁩮",
                "id": -11
            },
            "ibS": "r(9",
            "ibX": 8
        },
        {
            "ibA": {
                "created": "1864-04-30T00:00:01.011Z",
                "name": "|)򽫇B\u0000㪇O\u0003J\u0012\u0012",
                "id": 4
            },
            "ibS": "@U\u0019\u001a3#󵎟񾩱uh񳿢\u0013\u0008x@􋙕",
            "ibX": 0
        },
        {
            "ibA": {
                "created": "1864-04-10T00:00:01.011Z",
                "name": "+Zi𭢜A\nXL",
                "id": -18
            },
            "ibS": "'VeR򃃬\u001d<\u000c",
            "ibX": 25
        },
        {
            "ibA": {
                "created": "1864-05-22T00:00:01.011Z",
                "name": "\u0019>'񓨑*g\"^ntE\u0018󀲔򿷫B`\u0004UT\u0018Xᜳ򘋸Bg4򌎶",
                "id": 3
            },
            "ibS": "uy$Hb\u0001\u0016\u0002x񋦓񧔷򧭂𩂨󪃓\u0001]B\u0018\u0003v\u0001򁴮𲖨k\u0014񨏐\u0001qq3",
            "ibX": -2
        },
        {
            "ibA": {
                "created": "1864-04-09T00:00:01.011Z",
                "name": "\n8jE𸒚\u001f\u0018tB**񝭚*Pcd󧔜\"\u000c\u0000(\u0003\u00013",
                "id": -5
            },
            "ibS": "\u0011>\u001f",
            "ibX": -14
        },
        {
            "ibA": {
                "created": "1864-05-30T00:00:01.011Z",
                "name": "",
                "id": -7
            },
            "ibS": "Q󕲌+򛳪\u0006~1\u0016\u0008I\u001c𸒢9",
            "ibX": 24
        }
    ]
}