{
    "seed": 5356500220752652327,
    "samples": [
        [
            "\\`p\\\u0008\u000c𑸯򿭋",
            -19
        ],
        [
            "񥋷𑀀񮗭",
            -20
        ],
        [
            "`>\t6SG􇒪5U񢢢𗹾Y𰾳1󔔐d\u0016\u001a\u0013zj\u0014󽖴𾰫\u000b\u001bU",
            -12
        ],
        [
            "񫯦\u0010N'񡩴\u0010@.\u001d2񍁦<\u0014$)1L򷮟tT\u0006$",
            -6
        ],
        [
            "Lv񦉽񴮯",
            3
        ],
        [
            "2Q\u0010󏡒\u001d=+\u0005\u001c1\u000b3\u0019\u0016\u0003󺻠C\u001b*NE_",
            -1
        ],
        [
            "teC񔇯g2巊\u00050",
            -26
        ],
        [
            "񏎅\u001eVP{\u0006D뮰+J⨢\u0008",
            -23
        ],
        [
            ";/i򹍶󢹋",
            -22
        ],
        [
            "n<񦩘p񲩝{Q*BE[\u00148\u0004𺳹󐣮>񗆯𺉗\nZ򍟏",
            -5
        ]
    ]
}