{
    "seed": 8749844924866748307,
    "samples": [
        {
            "cw": {
                "wpa": {
                    "Right": -27.08048962139064
                }
            }
        },
        {
            "cw": {
                "wpa": {
                    "Left": null
                }
            }
        },
        {
            "cw": {
                "wpa": {
                    "Left": "\u0006"
                }
            }
        },
        {
            "cw": {
                "wpa": {
                    "Right": 26.11151959581339
                }
            }
        },
        {
            "cw": {
                "wpa": {
                    "Left": null
                }
            }
        },
        {
            "cw": {
                "wpa": {
                    "Left": "Z"
                }
            }
        },
        {
            "cw": {
                "wpa": {
                    "Right": -28.62596124078363
                }
            }
        },
        {
            "cw": {
                "wpa": {
                    "Right": 99.33759514062304
                }
            }
        },
        {
            "cw": {
                "wpa": {
                    "Left": null
                }
            }
        },
        {
            "cw": {
                "wpa": {
                    "Left": "q"
                }
            }
        }
    ]
}