{
    "seed": -156173675408669545,
    "samples": [
        {
            "address": "§!hý)¶\u000b@\u0000çT|",
            "employees": [
                {
                    "created": "1864-06-05T00:00:01.011Z",
                    "name": null,
                    "id": 1
                },
                {
                    "created": "1864-04-19T00:00:01.011Z",
                    "name": "&f^\u0008ï{¶\u000f:B@m|t",
                    "id": -23
                },
                {
                    "created": "1864-04-29T00:00:01.011Z",
                    "name": "!!\nÿxð\u0006rBb@eFÝ73",
                    "id": -9
                },
                {
                    "created": "1864-05-06T00:00:01.011Z",
                    "name": "I^6\u0016",
                    "id": -11
                },
                {
                    "created": "1864-04-20T00:00:01.011Z",
                    "name": "¤1±Ü,®",
                    "id": -25
                },
                {
                    "created": "1864-05-16T00:00:01.011Z",
                    "name": "\u0006",
                    "id": 14
                },
                {
                    "created": "1864-05-22T00:00:01.011Z",
                    "name": "Aa\u000fpµèkS¬òî.\n¯|¨\u0000£(",
                    "id": 26
                },
                {
                    "created": "1864-06-05T00:00:01.011Z",
                    "name": null,
                    "id": 22
                }
            ]
        },
        {
            "address": "ê@UA\u0001?Whz]\u0007wÿùS¼\u001a«",
            "employees": [
                {
                    "created": "1864-05-25T00:00:01.011Z",
                    "name": "\"\rÌa7",
                    "id": -12
                },
                {
                    "created": "1864-05-08T00:00:01.011Z",
                    "name": "L]à=kÐ2xc3'I{ì^t!\u0017\r",
                    "id": -30
                },
                {
                    "created": "1864-05-13T00:00:01.011Z",
                    "name": "\u0001\u0007\u0015211`\rm8\u001a\u000c",
                    "id": 10
                },
                {
                    "created": "1864-06-08T00:00:01.011Z",
                    "name": null,
                    "id": -19
                },
                {
                    "created": "1864-04-10T00:00:01.011Z",
                    "name": null,
                    "id": -21
                },
                {
                    "created": "1864-06-02T00:00:01.011Z",
                    "name": "\u0001\u001f\u0012",
                    "id": -21
                },
                {
                    "created": "1864-05-29T00:00:01.011Z",
                    "name": null,
                    "id": 3
                },
                {
                    "created": "1864-06-08T00:00:01.011Z",
                    "name": "\u0000",
                    "id": -5
                },
                {
                    "created": "1864-05-14T00:00:01.011Z",
                    "name": "\u000bX\u000ea\u0010\u0001R\u0003:\tX\u0015\u0005\u000c',eY\u001a\u000e\u0007\u0000XM",
                    "id": 10
                },
                {
                    "created": "1864-04-09T00:00:01.011Z",
                    "name": "Á52.0üÊ6y­87DpI8\u0018\u0000",
                    "id": 30
                },
                {
                    "created": "1864-04-26T00:00:01.011Z",
                    "name": "\u0002\u001b4òC~v(b",
                    "id": 28
                },
                {
                    "created": "1864-04-27T00:00:01.011Z",
                    "name": "\u001a\tõOPá\u0003Y",
                    "id": 7
                },
                {
                    "created": "1864-05-22T00:00:01.011Z",
                    "name": "0/ô\u001b$\u000blv\u001aLjd\u0018",
                    "id": -8
                },
                {
                    "created": "1864-05-30T00:00:01.011Z",
                    "name": null,
                    "id": 12
                },
                {
                    "created": "1864-04-14T00:00:01.011Z",
                    "name": null,
                    "id": -19
                },
                {
                    "created": "1864-04-11T00:00:01.011Z",
                    "name": null,
                    "id": 6
                },
                {
                    "created": "1864-05-09T00:00:01.011Z",
                    "name": "oPmO`Á9%;",
                    "id": -22
                },
                {
                    "created": "1864-05-03T00:00:01.011Z",
                    "name": "uQ",
                    "id": -11
                },
                {
                    "created": "1864-05-13T00:00:01.011Z",
                    "name": "LLETpy>i\u001a\re0÷&\u001dòÍ&9'",
                    "id": -5
                },
                {
                    "created": "1864-05-12T00:00:01.011Z",
                    "name": "¥\u001a\u0013çNx\u0008<<Gn§Ù¯+r3\u0002^G\"EÙó\u0005",
                    "id": -25
                },
                {
                    "created": "1864-05-25T00:00:01.011Z",
                    "name": "\u001b\u000f(W,Ì\u0002\u00162s\u0002Ff\u000f",
                    "id": -8
                },
                {
                    "created": "1864-05-26T00:00:01.011Z",
                    "name": "2'\u0002\u0000Y\u0008<´cw7\rã\t¬eQ",
                    "id": -4
                },
                {
                    "created": "1864-04-14T00:00:01.011Z",
                    "name": ",\u000f$\rIËé~IS-ùF\u001a~d\u001bEù\u000eH6\u001f|",
                    "id": 5
                }
            ]
        },
        {
            "address": "\u001f d\u0015<*/6ï@¶\u000e[\u00003\r½",
            "employees": [
                {
                    "created": "1864-06-05T00:00:01.011Z",
                    "name": "\u000f\u0001\u001cZsKÑ~dM¦t¨2qx'\"Ïs{cn",
                    "id": 29
                },
                {
                    "created": "1864-05-20T00:00:01.011Z",
                    "name": "Û¤[B|\r-RxÚEy\u0006\u0004",
                    "id": 17
                },
                {
                    "created": "1864-05-22T00:00:01.011Z",
                    "name": null,
                    "id": -15
                },
                {
                    "created": "1864-05-07T00:00:01.011Z",
                    "name": "±^Ø)ÑK[oÑÃ÷ûqDØ\u001b\u000fFAQJ\u0003.62´\u0000\u0003r",
                    "id": -18
                },
                {
                    "created": "1864-05-13T00:00:01.011Z",
                    "name": "Gv\rx\u0017\u001bô",
                    "id": -13
                },
                {
                    "created": "1864-05-01T00:00:01.011Z",
                    "name": null,
                    "id": 1
                },
                {
                    "created": "1864-06-02T00:00:01.011Z",
                    "name": "&Zú#v",
                    "id": -7
                },
                {
                    "created": "1864-05-12T00:00:01.011Z",
                    "name": "",
                    "id": -11
                },
                {
                    "created": "1864-04-10T00:00:01.011Z",
                    "name": "\u0018`q÷NËO;}ïSa\u0005S-N$5\u000f\u000b\u001eS",
                    "id": -14
                },
                {
                    "created": "1864-04-09T00:00:01.011Z",
                    "name": "O~UÈsiJ\u0011\u0016þ",
                    "id": -19
                },
                {
                    "created": "1864-05-26T00:00:01.011Z",
                    "name": "3í_\u0014*",
                    "id": 9
                },
                {
                    "created": "1864-05-27T00:00:01.011Z",
                    "name": "\u0002\rå\u001fT\u000fP÷3t\u000e]\u000f cpMîi\u001c6\u001d*¶",
                    "id": -29
                },
                {
                    "created": "1864-05-09T00:00:01.011Z",
                    "name": "§A½ª.\u001b:\u0013\u0000W5\u000e.7(Ø\u0014WÍ\u0007",
                    "id": 0
                },
                {
                    "created": "1864-05-06T00:00:01.011Z",
                    "name": "¹y",
                    "id": -17
                },
                {
                    "created": "1864-05-17T00:00:01.011Z",
                    "name": null,
                    "id": -8
                },
                {
                    "created": "1864-04-18T00:00:01.011Z",
                    "name": "³×xql\u0013c-[S\u001b\u0004\\?J .j-\u0014Qüâ",
                    "id": 22
                },
                {
                    "created": "1864-05-28T00:00:01.011Z",
                    "name": null,
                    "id": 29
                }
            ]
        },
        {
            "address": "%ßhGö\n",
            "employees": [
                {
                    "created": "1864-06-02T00:00:01.011Z",
                    "name": null,
                    "id": 6
                },
                {
                    "created": "1864-04-18T00:00:01.011Z",
                    "name": "(>\u000f-\u0007\u0011|&ø\u000cN\u0013d\t",
                    "id": 11
                },
                {
                    "created": "1864-04-18T00:00:01.011Z",
                    "name": "jc7Í7\u0002¹=ÿ\"Î\u0017\u0008.\u0000¸dM]`",
                    "id": 29
                },
                {
                    "created": "1864-06-04T00:00:01.011Z",
                    "name": "",
                    "id": -6
                },
                {
                    "created": "1864-04-10T00:00:01.011Z",
                    "name": null,
                    "id": 6
                },
                {
                    "created": "1864-04-11T00:00:01.011Z",
                    "name": "1*\u0010",
                    "id": -16
                },
                {
                    "created": "1864-04-10T00:00:01.011Z",
                    "name": "Qþ\u0013Z+Äê?\u0005rñ\u000f\r¥",
                    "id": -24
                },
                {
                    "created": "1864-04-26T00:00:01.011Z",
                    "name": null,
                    "id": -18
                },
                {
                    "created": "1864-04-17T00:00:01.011Z",
                    "name": null,
                    "id": -17
                },
                {
                    "created": "1864-05-13T00:00:01.011Z",
                    "name": "",
                    "id": 23
                },
                {
                    "created": "1864-05-02T00:00:01.011Z",
                    "name": "",
                    "id": 4
                },
                {
                    "created": "1864-05-13T00:00:01.011Z",
                    "name": "\u001d\u0019\u0011AD\u0010\u0012ÞîÕ~q´àw<Ø8\u0016áè\r\t)~",
                    "id": -11
                },
                {
                    "created": "1864-05-11T00:00:01.011Z",
                    "name": "hY3",
                    "id": 23
                },
                {
                    "created": "1864-06-04T00:00:01.011Z",
                    "name": "\u0006¢\u001dY1%oã;\u000fnxi+\">:Ä\u0010HcPdS",
                    "id": -19
                },
                {
                    "created": "1864-04-26T00:00:01.011Z",
                    "name": null,
                    "id": -26
                },
                {
                    "created": "1864-04-28T00:00:01.011Z",
                    "name": "\u001b¢Z\u0008¬IQa",
                    "id": -20
                },
                {
                    "created": "1864-05-24T00:00:01.011Z",
                    "name": "2Ñü",
                    "id": -20
                },
                {
                    "created": "1864-04-13T00:00:01.011Z",
                    "name": "",
                    "id": 13
                },
                {
                    "created": "1864-04-10T00:00:01.011Z",
                    "name": "\nh\u0000knH0Rþo\u0015»W\u0014+Î",
                    "id": -9
                },
                {
                    "created": "1864-06-03T00:00:01.011Z",
                    "name": null,
                    "id": -28
                },
                {
                    "created": "1864-04-11T00:00:01.011Z",
                    "name": "",
                    "id": -16
                },
                {
                    "created": "1864-05-25T00:00:01.011Z",
                    "name": "0?_\u0006 Q\u000bov(\u001b",
                    "id": 30
                },
                {
                    "created": "1864-04-27T00:00:01.011Z",
                    "name": "",
                    "id": 24
                },
                {
                    "created": "1864-04-13T00:00:01.011Z",
                    "name": "S\u0002¬þe\r³×qC:¤\u000c¯ý¶ONd\u0007{\"\u001fD*",
                    "id": -1
                },
                {
                    "created": "1864-05-21T00:00:01.011Z",
                    "name": "í",
                    "id": -24
                },
                {
                    "created": "1864-04-18T00:00:01.011Z",
                    "name": ",\u0018³aW¨X\u0014\n\u001e=\u001b[Ï",
                    "id": 20
                },
                {
                    "created": "1864-05-30T00:00:01.011Z",
                    "name": null,
                    "id": 11
                },
                {
                    "created": "1864-05-22T00:00:01.011Z",
                    "name": "\u0000ÚáVkF\u0000NKH",
                    "id": -15
                }
            ]
        },
        {
            "address": "okýf5'|a³\r,É1PxA.Wu§ÒPT\"\u0005",
            "employees": [
                {
                    "created": "1864-04-27T00:00:01.011Z",
                    "name": "¯5,kc¡p*zIî3<",
                    "id": 16
                },
                {
                    "created": "1864-04-26T00:00:01.011Z",
                    "name": "",
                    "id": 7
                },
                {
                    "created": "1864-05-19T00:00:01.011Z",
                    "name": "@t~\u001b§<}µó\u0015o\u0003\u0000\u0007?",
                    "id": 19
                },
                {
                    "created": "1864-06-06T00:00:01.011Z",
                    "name": "Å\u001föR3=Cz\u0004\u0015\u0013Byj",
                    "id": 19
                },
                {
                    "created": "1864-06-02T00:00:01.011Z",
                    "name": "@\u0010ulù2²:\u000f~6.»»®(\u0018;",
                    "id": 16
                },
                {
                    "created": "1864-05-12T00:00:01.011Z",
                    "name": "!Rû£\u0013\t\u0019t\u0001e_gNxi\u0003L;×ÚâiQ÷.",
                    "id": 5
                },
                {
                    "created": "1864-05-16T00:00:01.011Z",
                    "name": null,
                    "id": -3
                },
                {
                    "created": "1864-06-08T00:00:01.011Z",
                    "name": "^8þ1¼",
                    "id": 15
                },
                {
                    "created": "1864-04-19T00:00:01.011Z",
                    "name": "d 8\u0011Û\u000f*m$SK\u000fy\"\u000f\u0016\u0001:Vj-Ú\u001bÛ",
                    "id": -23
                },
                {
                    "created": "1864-05-19T00:00:01.011Z",
                    "name": "å0\u0017i­\u000e+4\u0007þ\u0004¹½\u001aç/gcn\u001d\u0015",
                    "id": 29
                },
                {
                    "created": "1864-05-15T00:00:01.011Z",
                    "name": ":W½\u0007Î4",
                    "id": 9
                },
                {
                    "created": "1864-05-09T00:00:01.011Z",
                    "name": "\u001c\u000e\\Xç\u0013EN\u0019",
                    "id": 21
                },
                {
                    "created": "1864-05-03T00:00:01.011Z",
                    "name": null,
                    "id": -18
                },
                {
                    "created": "1864-05-02T00:00:01.011Z",
                    "name": null,
                    "id": -24
                },
                {
                    "created": "1864-05-16T00:00:01.011Z",
                    "name": "4é",
                    "id": 18
                },
                {
                    "created": "1864-04-23T00:00:01.011Z",
                    "name": "¶Û7?(\u001a\u000fíXJ¦à23\u0018o:7kïfHV\u0001\u00137ÚT",
                    "id": -26
                },
                {
                    "created": "1864-04-16T00:00:01.011Z",
                    "name": "}O_\u000foã\u0012",
                    "id": -26
                },
                {
                    "created": "1864-05-18T00:00:01.011Z",
                    "name": null,
                    "id": 1
                },
                {
                    "created": "1864-05-06T00:00:01.011Z",
                    "name": "mË×\u0017rp\u0003\u0005e",
                    "id": -17
                },
                {
                    "created": "1864-06-08T00:00:01.011Z",
                    "name": "$'\u0018ú0\u0002ºA©]\u0004+\u000f@kÁv\u0007G±F;µ:",
                    "id": -20
                },
                {
                    "created": "1864-04-22T00:00:01.011Z",
                    "name": "!íb=\u000b\u0014º\u000e\r\u0019/\u0013",
                    "id": 22
                },
                {
                    "created": "1864-05-11T00:00:01.011Z",
                    "name": "Møyû«\u00188ò_a\u0016¶_>\u0000|PLu \u0006o-aD=«!",
                    "id": -7
                },
                {
                    "created": "1864-05-03T00:00:01.011Z",
                    "name": "\u0008\u0004\u000e",
                    "id": 23
                }
            ]
        },
        {
            "address": "E3®ìûMt)j\u001bc~5Ð\\k\nw\u0006ªS¡g\u001aë^\u0005C",
            "employees": [
                {
                    "created": "1864-05-17T00:00:01.011Z",
                    "name": "\u001d;\u001eF¬?#\u001ci\u0012ü\u0011+(H",
                    "id": 24
                },
                {
                    "created": "1864-05-11T00:00:01.011Z",
                    "name": null,
                    "id": 22
                },
                {
                    "created": "1864-05-14T00:00:01.011Z",
                    "name": null,
                    "id": 16
                },
                {
                    "created": "1864-06-06T00:00:01.011Z",
                    "name": null,
                    "id": 15
                },
                {
                    "created": "1864-04-14T00:00:01.011Z",
                    "name": "HW&\u001b4ÄAß\tÇX\u001e_a­",
                    "id": -18
                }
            ]
        },
        {
            "address": "|\"1\u0000^ãImDþ~O=U\u000fu^¥Z!\nA#&\u001c7\u0004",
            "employees": [
                {
                    "created": "1864-06-01T00:00:01.011Z",
                    "name": "ñd-/\u0000\u0013(xÞÇ\u0013~13Ík^}\u0003û",
                    "id": 27
                },
                {
                    "created": "1864-04-28T00:00:01.011Z",
                    "name": "\u001b|\t\u0015Gz~mF¸\u000b\u000eh\u000e³<\u001bfT",
                    "id": -30
                },
                {
                    "created": "1864-06-03T00:00:01.011Z",
                    "name": "Ofàbl`)m ~I{\u000e\u0001/ö&`g\u001fA=E",
                    "id": -24
                },
                {
                    "created": "1864-04-24T00:00:01.011Z",
                    "name": "my`­(Xc,Ï\u00189:Î\u0019Jnü]\u001b\u000eo",
                    "id": 28
                },
                {
                    "created": "1864-04-17T00:00:01.011Z",
                    "name": "Á:\"Ø\u0011:aÉxuË9'\u001fóN5K¼#Dq$4",
                    "id": -19
                },
                {
                    "created": "1864-04-25T00:00:01.011Z",
                    "name": "s4£Li\u001a}\u0005ZJ]\u0001ônx\"y{k²",
                    "id": 30
                },
                {
                    "created": "1864-04-10T00:00:01.011Z",
                    "name": "\u000bEbvp\u0017`",
                    "id": 29
                },
                {
                    "created": "1864-06-04T00:00:01.011Z",
                    "name": "\u0019ozdP-]\u0006 9k¤o+\u0003]gÉ',Ä",
                    "id": 9
                },
                {
                    "created": "1864-04-28T00:00:01.011Z",
                    "name": "\u001b$],GÔG",
                    "id": 28
                },
                {
                    "created": "1864-05-19T00:00:01.011Z",
                    "name": null,
                    "id": 21
                },
                {
                    "created": "1864-05-14T00:00:01.011Z",
                    "name": "\u0013µ\"ÙZ0\u0010Q\u001bñ\u00142s\u0012|$4Ã#ä]U\u000f?",
                    "id": 27
                },
                {
                    "created": "1864-06-01T00:00:01.011Z",
                    "name": null,
                    "id": 30
                },
                {
                    "created": "1864-05-05T00:00:01.011Z",
                    "name": "]\u0011R¥\u00069<'",
                    "id": -7
                },
                {
                    "created": "1864-04-26T00:00:01.011Z",
                    "name": "+Ï&wèy1\u0018èí",
                    "id": 24
                },
                {
                    "created": "1864-05-27T00:00:01.011Z",
                    "name": "âÌMVRú\u00034h\u0015vÈç¼m)",
                    "id": -21
                },
                {
                    "created": "1864-05-29T00:00:01.011Z",
                    "name": null,
                    "id": 4
                },
                {
                    "created": "1864-05-25T00:00:01.011Z",
                    "name": "Qé!o^\u001c",
                    "id": -27
                },
                {
                    "created": "1864-06-03T00:00:01.011Z",
                    "name": "+a°´fÀÇÔ~@E9¢·¬%b/s!»0\r)z*",
                    "id": 3
                },
                {
                    "created": "1864-04-24T00:00:01.011Z",
                    "name": "ÿ:r",
                    "id": 24
                },
                {
                    "created": "1864-05-09T00:00:01.011Z",
                    "name": null,
                    "id": -22
                },
                {
                    "created": "1864-04-19T00:00:01.011Z",
                    "name": null,
                    "id": -21
                },
                {
                    "created": "1864-04-09T00:00:01.011Z",
                    "name": "< \u0007K\u0018«\u0011K",
                    "id": 20
                },
                {
                    "created": "1864-04-16T00:00:01.011Z",
                    "name": "ù\u001e1QL\u000bä19%%\u0006C\u001d³ä\rP*VÚÃE\u0011#ÊI|",
                    "id": -2
                },
                {
                    "created": "1864-05-28T00:00:01.011Z",
                    "name": "þ\npde7Ò\u0012âj*n~%%<",
                    "id": 23
                },
                {
                    "created": "1864-05-18T00:00:01.011Z",
                    "name": "\u00151q/",
                    "id": 28
                },
                {
                    "created": "1864-05-07T00:00:01.011Z",
                    "name": null,
                    "id": -13
                },
                {
                    "created": "1864-04-30T00:00:01.011Z",
                    "name": "-*gÜâ\u000e",
                    "id": 9
                },
                {
                    "created": "1864-04-25T00:00:01.011Z",
                    "name": null,
                    "id": 4
                }
            ]
        },
        {
            "address": "e\u0004¹bé\u0019B",
            "employees": [
                {
                    "created": "1864-04-14T00:00:01.011Z",
                    "name": "åH\u0005\u0008Ñ¸'NÈ8%ô+43ü@\u001cg\u001b",
                    "id": 10
                },
                {
                    "created": "1864-05-27T00:00:01.011Z",
                    "name": "{\u001fM\u001aLöuh\u0017<>",
                    "id": -4
                },
                {
                    "created": "1864-06-01T00:00:01.011Z",
                    "name": "",
                    "id": 19
                },
                {
                    "created": "1864-05-17T00:00:01.011Z",
                    "name": ".·Ðbg½ÈÛÀ]D&n\u0003Òd",
                    "id": -25
                },
                {
                    "created": "1864-04-29T00:00:01.011Z",
                    "name": "¹ö",
                    "id": -1
                },
                {
                    "created": "1864-06-06T00:00:01.011Z",
                    "name": "¼",
                    "id": -12
                },
                {
                    "created": "1864-05-22T00:00:01.011Z",
                    "name": "g?v¤",
                    "id": -19
                },
                {
                    "created": "1864-04-30T00:00:01.011Z",
                    "name": "Èjiorycf:§è*æ©[A}¼Ê3",
                    "id": -23
                },
                {
                    "created": "1864-05-29T00:00:01.011Z",
                    "name": ":+pN\u0012ÂZ\u0015B\u0000lo78\u0005(\"[L*èi­",
                    "id": -2
                },
                {
                    "created": "1864-06-08T00:00:01.011Z",
                    "name": "j>³\u0008â",
                    "id": -10
                },
                {
                    "created": "1864-06-03T00:00:01.011Z",
                    "name": "F\u001f.C!SÊ\u0015O\u0013\u000eä~ï\u0006K\u00075{\u0002",
                    "id": 15
                },
                {
                    "created": "1864-06-07T00:00:01.011Z",
                    "name": "cz\u0015\u001c\rTd\u0012C>h6ÙjÂ\u0004.u7&b\u0007",
                    "id": -14
                },
                {
                    "created": "1864-04-15T00:00:01.011Z",
                    "name": " Q\u0003}\u0002ïIJ_5kJ\u0007qW¸ÍPÛ?\nf¶8",
                    "id": 25
                },
                {
                    "created": "1864-04-21T00:00:01.011Z",
                    "name": "Ê\u000e6\tËg\u000c2k\u0017|2b\u000e",
                    "id": -19
                },
                {
                    "created": "1864-05-13T00:00:01.011Z",
                    "name": "",
                    "id": 3
                },
                {
                    "created": "1864-05-17T00:00:01.011Z",
                    "name": null,
                    "id": 14
                },
                {
                    "created": "1864-05-08T00:00:01.011Z",
                    "name": "}6°\u00076ètLû9\u0002J\u0013f \"ï",
                    "id": 2
                },
                {
                    "created": "1864-04-10T00:00:01.011Z",
                    "name": "§\u0016 \u000b<9Ê Zá_1ê\u000cÛ, 1\u0015GV3)XB",
                    "id": -16
                },
                {
                    "created": "1864-04-27T00:00:01.011Z",
                    "name": null,
                    "id": 23
                },
                {
                    "created": "1864-05-08T00:00:01.011Z",
                    "name": "W\\\u0018+3\u001d\u001eèè*z\u001c;\u001d\u0007\u0015c",
                    "id": 5
                },
                {
                    "created": "1864-05-27T00:00:01.011Z",
                    "name": "eU",
                    "id": -22
                },
                {
                    "created": "1864-05-01T00:00:01.011Z",
                    "name": "Iç\u00061cR·\u0011æEJ\u0014G\u000f@dåºn¶BG\u000f",
                    "id": 10
                },
                {
                    "created": "1864-04-09T00:00:01.011Z",
                    "name": "\u0011\u0000©GÿM 9\t*\u0006z<tmî\u0006Ê?¯à>O:¾\u0016½\u001a",
                    "id": -29
                },
                {
                    "created": "1864-04-28T00:00:01.011Z",
                    "name": "\u0007\u0016i'\u001dNe\u0006,D",
                    "id": 22
                },
                {
                    "created": "1864-04-30T00:00:01.011Z",
                    "name": null,
                    "id": 15
                },
                {
                    "created": "1864-04-24T00:00:01.011Z",
                    "name": "&U¦ä\u0004\u001d",
                    "id": -9
                },
                {
                    "created": "1864-05-03T00:00:01.011Z",
                    "name": "\u0013ë\\0ê¦\u0015\u001cùÅK\u0000n³O£tYW)2/\u0012",
                    "id": -17
                },
                {
                    "created": "1864-05-05T00:00:01.011Z",
                    "name": "",
                    "id": 29
                },
                {
                    "created": "1864-04-19T00:00:01.011Z",
                    "name": null,
                    "id": -14
                },
                {
                    "created": "1864-05-21T00:00:01.011Z",
                    "name": "¼×0D\u001eE-\u001c0\u0017Þ}\u0003,\n¨å",
                    "id": -9
                }
            ]
        },
        {
            "address": "½eÖU",
            "employees": [
                {
                    "created": "1864-04-20T00:00:01.011Z",
                    "name": "ù3Ë\u0006hpl//Îå=2²\u001eTÞO\u001b\u0002X£À)Ä&\u0000",
                    "id": -9
                },
                {
                    "created": "1864-06-03T00:00:01.011Z",
                    "name": "\u0008B7s,_Fc©ô\u0019t\r",
                    "id": 8
                },
                {
                    "created": "1864-04-11T00:00:01.011Z",
                    "name": "÷·",
                    "id": 20
                },
                {
                    "created": "1864-05-27T00:00:01.011Z",
                    "name": "!4¿\u0007",
                    "id": 10
                },
                {
                    "created": "1864-06-05T00:00:01.011Z",
                    "name": "kI2d\u0013",
                    "id": 25
                },
                {
                    "created": "1864-05-26T00:00:01.011Z",
                    "name": null,
                    "id": 15
                },
                {
                    "created": "1864-04-20T00:00:01.011Z",
                    "name": "E\u0007c6|K\u000c{\u000f",
                    "id": 5
                },
                {
                    "created": "1864-06-07T00:00:01.011Z",
                    "name": null,
                    "id": 3
                },
                {
                    "created": "1864-05-24T00:00:01.011Z",
                    "name": "k\u000eÈ!bWÂk\u001ez!",
                    "id": 1
                },
                {
                    "created": "1864-06-03T00:00:01.011Z",
                    "name": "",
                    "id": -19
                },
                {
                    "created": "1864-05-03T00:00:01.011Z",
                    "name": "",
                    "id": -26
                },
                {
                    "created": "1864-05-16T00:00:01.011Z",
                    "name": null,
                    "id": 8
                },
                {
                    "created": "1864-04-19T00:00:01.011Z",
                    "name": "\u0017%\u0000C\u0003_Y",
                    "id": -2
                },
                {
                    "created": "1864-04-27T00:00:01.011Z",
                    "name": null,
                    "id": 12
                },
                {
                    "created": "1864-04-15T00:00:01.011Z",
                    "name": "\u0016?3Ø\u00177",
                    "id": -26
                },
                {
                    "created": "1864-05-23T00:00:01.011Z",
                    "name": "ý¶\u0015x³k_XH~Jp",
                    "id": -13
                }
            ]
        },
        {
            "address": "'ò",
            "employees": [
                {
                    "created": "1864-06-04T00:00:01.011Z",
                    "name": "ìÂh3Îé=½1µ(5°Pbp[¤xµX\u0018&Ac\u000b0",
                    "id": 25
                },
                {
                    "created": "1864-05-27T00:00:01.011Z",
                    "name": "Cì\u0014È};°rD¶/æv:\nf1(`9jÀBSO",
                    "id": 15
                },
                {
                    "created": "1864-04-16T00:00:01.011Z",
                    "name": "K5rfí\u0008u\u001f%\u0005v <",
                    "id": -6
                },
                {
                    "created": "1864-05-12T00:00:01.011Z",
                    "name": "å\u000eN\u00065R¡8Ezi}ýYl\u001a",
                    "id": 20
                },
                {
                    "created": "1864-05-16T00:00:01.011Z",
                    "name": "",
                    "id": 13
                },
                {
                    "created": "1864-05-03T00:00:01.011Z",
                    "name": null,
                    "id": -30
                },
                {
                    "created": "1864-05-12T00:00:01.011Z",
                    "name": null,
                    "id": 9
                },
                {
                    "created": "1864-05-05T00:00:01.011Z",
                    "name": "\u001bó¨T,E9Iæ|\u001fnry7I",
                    "id": 8
                },
                {
                    "created": "1864-04-13T00:00:01.011Z",
                    "name": "MÁ\u001d4\u0016?áSy\u0011Â\u0015H",
                    "id": 24
                },
                {
                    "created": "1864-04-26T00:00:01.011Z",
                    "name": "÷\u0016l\u001a?\u0000`\u001axF!l\u0003\u0006þd\u0019o':W:",
                    "id": -30
                },
                {
                    "created": "1864-04-16T00:00:01.011Z",
                    "name": "6/C¤UêÑE\u0015^c]ô\u001b\u000fu$)Ì´Ï",
                    "id": 26
                },
                {
                    "created": "1864-06-07T00:00:01.011Z",
                    "name": "\u0016çãÑ²aÝCkZzD}ÿf¡$\u0014menâ!!s'*R",
                    "id": -27
                },
                {
                    "created": "1864-05-15T00:00:01.011Z",
                    "name": null,
                    "id": 1
                },
                {
                    "created": "1864-06-04T00:00:01.011Z",
                    "name": null,
                    "id": 3
                },
                {
                    "created": "1864-04-17T00:00:01.011Z",
                    "name": "o½%N\u001ag#8¸\u001ff¥\u000f",
                    "id": 25
                },
                {
                    "created": "1864-05-13T00:00:01.011Z",
                    "name": "L¸×",
                    "id": 24
                },
                {
                    "created": "1864-04-30T00:00:01.011Z",
                    "name": "\u0011iAX-Itáû\rN8Y¶ìG(9",
                    "id": 2
                },
                {
                    "created": "1864-05-02T00:00:01.011Z",
                    "name": "m\u0016m\tp2\u00062á\u0000æ¡¨¡=M1î+{Î+ß\u0013B<",
                    "id": -23
                },
                {
                    "created": "1864-06-06T00:00:01.011Z",
                    "name": "0F#ySHjCÃ\u0016t*S\u000f&1ö\u0003°\tF²\"",
                    "id": -14
                },
                {
                    "created": "1864-06-05T00:00:01.011Z",
                    "name": "=ez\rgÉG|\u000f\u0015\u0017\u0015Î]Y(q<\u000cÍ?ù\u0017\u000fhb",
                    "id": -1
                },
                {
                    "created": "1864-04-21T00:00:01.011Z",
                    "name": "B«J\u001aA\u0000R%ú-",
                    "id": -18
                },
                {
                    "created": "1864-05-27T00:00:01.011Z",
                    "name": "\u000cwèÛ]Ay;a",
                    "id": 1
                }
            ]
        }
    ]
}