{
    "seed": 3720988536734197319,
    "samples": [
        {
            "username": "󷝄u򬭹𸔨#WP8*L+!b*\u001e󑼠'S@󣢀𖭡\tv󮂧񍡺򾙙/񨁋󔷨",
            "password": "B\u0002r\n󥜐zh񏟁tsH񵟬"
        },
        {
            "username": "#n!]\u0011P\u0010y1V򤓴\u000c\u0006q<\u0007􊉊0~[𐮐\u00132!\u0001\u0008+",
            "password": "\u000fz\"񤓧\u001bip􉳦d󒾑W𥀝\u0007\u0011>%*&QvL򲧙\u000c\u001fQQqN7"
        },
        {
            "username": "#\u001b\u0002\u000e^𽳘b~)\u001d\u001f\u0015zV&|󄠌𾜝^𖿿(|Lx𹖼\u0008\u000e",
            "password": "D\u0003T􋉉񀧷D-l򗙳E"
        },
        {
            "username": "\u00074_._w񺜹",
            "password": "񣻧cTYBH\u00087"
        },
        {
            "username": "@\u0014w$y9𪇫l\t^v+nM$\u001b𔼎x)\u0016\u001f{PP",
            "password": "򏔱\u0013򬂇l+6&𿎅򰣛<􋒏;?)jM!񜒖\u0011򤫚CMJ􊻮"
        },
        {
            "username": "Nh",
            "password": "C󒽩|e5TM"
        },
        {
            "username": "EiVY,\u000eFNc",
            "password": "'󈍻?􈦭h$/\u000bR򮠒;9c\u00078q󀲡\u000c󸻀)\u000f\"\u0003\u0015\u001eS!"
        },
        {
            "username": "",
            "password": "N+T6e#{򺮿s򭔰:򀫺\rFI򊳆^"
        },
        {
            "username": "񮧺Qu_򴙅=\u000c`\u0018򏇅u,\u001em",
            "password": "AL𦤫𻒸8󼣞􄐡򬵭򙜣񬻻ms\u0015򥏓i8Z-wX\u0012"
        },
        {
            "username": "^񩢿򍩑*\"jQr\u0012򭳞\u0003FY\u001e򶐃𫶧󐑛Q\u001d򍃴\u0003:\u0015Y 󁵈㽧󜅽/񃎠",
            "password": "󖙝C;p^\u001c\t$"
        },
        {
            "username": "!",
            "password": "c(o"
        },
        {
            "username": "\\b򓙿𵑴7◀GfC!p\u0002򖎮~+Z𮻴",
            "password": "\n)񪶱a#\"򻔗򷃍򻇞\u001dX1􎗘򝬛\u000b\u0003𭉮s\u0008򭣝1"
        },
        {
            "username": "",
            "password": "񼾰򑉛w)|\u0008te\u000c􊚴H󊚋\u0003R񨠅w񽒴NF"
        },
        {
            "username": "oLf󿗨b󃟧\u0007򱨢]E@䪁\u0002󏂸󫢠:rGH\u000b",
            "password": "򃂎𠆀yzd\u0015\u0003_"
        },
        {
            "username": "=𜿶񇕾񇂃\u0004%%񎕆񹓦\u001b)>𠫶\"󅡭>}/\\d\u001a\u0007\u000b",
            "password": "󫖘8󔊜􅞃.j󗎍!J8\u0018N\u0005R󔉺:𽈯'\r{!b\u0005B]򫕬2\u0005p"
        },
        {
            "username": "\t2\u001e\u001c񏳭񝆅\u001f򰭐\u0004\u0012I񀿥BQ􍐦F",
            "password": "\u000b|Yj󳾬pVv"
        },
        {
            "username": "5q,򄱘sA򖆼>򉍩r_Yk󠙪",
            "password": "󹸂􋖻\tR񨱀`গ\u0013󇩢𣨕'\u0003󡊎~pl*\u0000򨷍󫾜:A򙿰a򩧆"
        },
        {
            "username": "󊻽h\u000c𠭻4N",
            "password": "#2\u0015\t\\󅺪h򒨮q\u0000fD򻂀񀉯\u0010\u0006"
        },
        {
            "username": "\u0000l\u000b$񶓘\u0019z\u0015NL񷱧T3`a\u001c`",
            "password": "CR#RS\u001eDH{L\u0011𨶆\u0016"
        },
        {
            "username": "'K^򩆌> \u001adV󓱊3V",
            "password": "!\u001d\u000e⛚[熐𔣚𭇅᭪􇒼仹\u0018T,񆼐\u00052\u0008񷻷m;P\u001d+"
        },
        {
            "username": "",
            "password": "Iy$i𪗸.3􃣜\""
        },
        {
            "username": ".񽠧",
            "password": "\u0017񎶏ꎀK1Tt"
        },
        {
            "username": ".\u0005,4a\u0001\u0016\u001d(3",
            "password": "A󢎓8T]񻓆^񩵢py\n\u0004󿑌\u0018^򔁋P\u001e𿜙\u0007t<2"
        },
        {
            "username": "㧦~l\u0000\u001eb'7",
            "password": "\u001c򗬁}\u0016񍄊\u0003C_Y6q$b򞝆j񿕖|aK𮿜􍹶\u0007|񸚽񅤝"
        },
        {
            "username": "yB+\u001b\u0018𽔳C>\u0007뛭",
            "password": "\r󔇶KH"
        },
        {
            "username": "񇢹\\\u0012O",
            "password": "\u0005񱛓Y)񤥅ᖩ󪘯􊅴񧿤(Iw򠶴9f򕍬if\u001c-r]\"9󋮳򭢧D􂾞"
        },
        {
            "username": "\u001a'F󞕺􁙌\"]\u001c𑜡򵶣T4🬅\u001f\u0017૒H\u0006򀲯p!s\u0008Z\u0014\u001b",
            "password": "e{񌻽2uL`󮮁\u0010G)l񴿅2\u0019c򹷆"
        },
        {
            "username": "%\u001b𥪋qCN􂊓r◡27)𲯜`B\u0006e\u001d,\u001c98w\u000e",
            "password": "\u0007𐢖a\u001a}uj}^Z\u0013p􀇰:6󙾋𓍠B%򝬬񲾱WOI\u0002"
        },
        {
            "username": "􅵡\u0004Mu\u0015G\u0018\u0015􎮄#8򂼔󵎓bI򷹛/񎒕*%􌥽\u001biR򋐎E􁝦Y𺚁",
            "password": "=󀃩\u000b]\u000c󺋻󥮯\u0012t"
        },
        {
            "username": "񶱻𔶱\u0018񿊳󎾽\u001eJS y\u0014󝧲\u0010j񖔏=c\u0011\u0000W𲅓\u001c 󐌻",
            "password": "hRl𹐿5栟mx񽃟)1\u0011\u0016\r"
        },
        {
            "username": "=\u0005u\u000cP\u0013",
            "password": ")\u0019:񙘓󔤽)*\u0018l\u0019\u001d󏸰𭆛1;\u0017V1񖰳\u0006"
        },
        {
            "username": "󂔈D`P\u0012𨣣)H-h𲝟1:yU󑑧𜮃򣳁X5\u0012\u000eMT74",
            "password": "b񑽠\u0014"
        },
        {
            "username": "H\tL)Lc&",
            "password": "kFn󌋥5󥈋󔪈<\u000f\u0011򡏾A\u0012l::򙳱%􍙿񀁢3𒧤?\u000f6V>C"
        },
        {
            "username": "1󑽸m?󴐧E^񂗭?\u001bj򐃅f\u000c2r#󵩄*񀚕򭑘pLU\u0003",
            "password": "𬿅+a񺔣󟖂𿶞\u0002𠂕`7𒆄7CI𙼐(sk&󯙔:82"
        },
        {
            "username": "",
            "password": "򙈞}𷑙Lr5c/\u0019򘦝𫣒\t9󇔱"
        },
        {
            "username": ")J񿠈򧹳'\u0015􏎄\u0012\n>+!񒂯𿢛#eE4\u001d;C:\u001f𸌘8\u000f",
            "password": "|rzz򻇨\\󐧕J;d~E"
        },
        {
            "username": "󬖏I\n",
            "password": "󭼖񙵄𖃌𳻥i"
        },
        {
            "username": "\u0015\u0016񽐊|\u0018𰧺􏗖􉒿񁛝w\u0019W󙁆󀸶/@i񜽞]k򥅗",
            "password": "jxNlZ'\u0014󠀖Rc󱸁\u0006^􀗢򝐱'k𛐈𗺵\n\u0004}򀝨񰇓򭎶M򆚯."
        },
        {
            "username": "\u000f󥁈𘙋w󼜏w4j򮢉򰴦d8LRwo\u000f\r",
            "password": "\u0018}Uj򆃓񼍨PI񁿛g𛚓"
        },
        {
            "username": "󇥒󗔀 󟄷qawOk7򻛆𛌲e\u0007󹤌򡖯\u0019)\u0004",
            "password": "\u0016🾒b"
        },
        {
            "username": "\u0003iv-9x+𴋐9n򎟲G\u001d󸳜 \u0014!4*",
            "password": ""
        },
        {
            "username": "R򒚂B񩒋",
            "password": "𜤊𴭹Bln󕑀ue\u0018P(򾝆@\u000eK\u001b"
        },
        {
            "username": "J𥚘{FzU}󻃷󤀷󙖄^򡎑bg򰀦sns\u001fO񢐽\u0006}d𷇆\u0010&>",
            "password": "vֳb󓬒򳇽*\u0014sX-6뱲(󊩯򉹀\u001a\u0014\n"
        },
        {
            "username": "n!𡱰\u001b𨔤\\\u000fn\u0017/񌦡\u00191񵴚n.\u0015#⬽񞍕X𼃻\u0017AY",
            "password": "藫e𑽺񇤌&+\u0018c𚨍&Al+4*𷦢M4􊔊󨡦^2\""
        },
        {
            "username": "/K󯈕N\t򂕧𠋟𬨪\u00026򻳍(hh񝎖",
            "password": "*`YY\u0001+yr򳼖퍦@3𐅬\tP\n𬷥򴮒󡍜?\u0017󘰫\u001f~/񆴚c\u0000"
        },
        {
            "username": "7\u001b\"󰘤𨫹N",
            "password": "𞝺񋠚\u0005PC򖑸8D^𺟲\u0001]\u0008\u0006"
        },
        {
            "username": "I񢢏$\\񶨡\u000c\u001fMk\u0016M𔔣-f񈧬I\u001bK'hA",
            "password": "00k󖒛K5O򐟔Z)Q\\\u0007{c~c\u001b(]󕿍"
        },
        {
            "username": "r]\u0012a\"[Sg񰙳𩀫󟅍]H򱵼X𢲷12󒣯󬀕🺓=<𝈏\u001a3\u0008\u000f",
            "password": "𾦊𜕃G񬮘+fS󮻟\n\u001fO:󞴬m󊞗a𬁴H*\u0018J\u0018\n.C􅃎\u000cuw"
        },
        {
            "username": "L񶂃M𿛄\u0015\u000c\u000e\u001bT򔅒򦆙}",
            "password": "𺡀򑻓\u0010\u0005T\u000e7d򑓙5"
        },
        {
            "username": "\u0019\u001a񐊼6񳒠\u000f\u0006𚉎P􎄃󴻝`򰋕\u0008n𫋟r􁕈𗄛𣾟3",
            "password": "qb𗱣:a󾹭\u000fEQ򙿀𲁢\\񑳪b񽕧5󢃲a#򎷁g􂞱Qs"
        },
        {
            "username": "C񉶖򙂖\u001a󜔼G..25\u0011E󰩔",
            "password": "\u0011R\u0018o`N󹠳t󲈥j\u000cp9/񹻏J8r񁦅󼫂񰴑@\u0015F"
        },
        {
            "username": "v\u001f􅴻i𾞛\rBAB&􉣾;x󾄽M򄂎c\u0013]󜇡][CH+]",
            "password": "B9Gi\u001bd.k\\r\u0005P\u001b\u00049򧤎"
        },
        {
            "username": "u\tpKq\u000et񠗻x,\u001c󢳈\n<:4\u001b@L(7򕇚\u001d15C󑜈P󤠬",
            "password": "`𲪮_Wt|1\u0002򇹗򬔷󞕡J佶i򆶕XP񍷪')^񶎪\u0007󈥢<"
        },
        {
            "username": "\u0013B\u0015\u0001rBꄕ𥿥|!󄟂\nR%z ",
            "password": "\u001c7Ok\\򋯤󃮽\u0008*\"|򑚧X&񗸃󔙊@\u001f-\u0018\u000f\u001e 𡝫O\u0007A$"
        },
        {
            "username": "QX󫹈\"cW",
            "password": "\u0016,\u0006񱋕栴\u0008e\u0003zyT"
        },
        {
            "username": "F%𳷓'󘖜7iD鿫񹖿$\u000cs\u0007no[\u0004m𻛌񏄘幠8\u0005",
            "password": "Y"
        },
        {
            "username": "",
            "password": "t&H"
        },
        {
            "username": "l{q=\u0006bD+^",
            "password": "𒇯\u001er󘀆Pg􇖶1\u0016N"
        },
        {
            "username": "/򝴰\u0001𠄛-\\􌳉BJ\":񎓶𡡜de\u0003",
            "password": "/PupO\u0004"
        },
        {
            "username": "㢡fk򯅭񫔽񎞂bJ-q;",
            "password": "\u0014u񍙚i򝨄.󛔏\u0013!"
        },
        {
            "username": "򴬒\u0007u\u0000-\u0015V",
            "password": "X)T9"
        },
        {
            "username": "\u0008\u001f򯛲\u0017𒋊Al@|𮒳",
            "password": "V򕯨򻣂n\u0004\"(4\u001c\u001cmShT󘜥,3\u001f\u0001"
        },
        {
            "username": "ucS򵶹񸅮",
            "password": "d򷛂e󋙠,gP\n0Y3Y\u0015 Q\u0016񠭟3󱴤D񡂵\u001c(\u0008"
        },
        {
            "username": "V\u0000D𙷑𝓨0񞩙𥮙\u000f\n󀿋F9\u001e\u00030񯼃9󡄬M񑘱r=",
            "password": "򾋤\u0019"
        },
        {
            "username": "th􅌠-0􇋪@\u0019*򋶗",
            "password": "rX󐔜\tQ򑃮6>V񞄎f񫊽Di_󃎺g"
        },
        {
            "username": "P%\u0007M^S񕏷f*񁞸\u0010󱒆0J\u0015a񟑉>򄞴\u0005",
            "password": "򴐣9򊥀􋬑򂘻$[\u0008p8wm诚񦷳󅬊b\r򀍪󬸼<VV\u0014Yt񶦁b􇡗t"
        },
        {
            "username": "",
            "password": "CqVy򑇖s~:򀬛@%GI񫎪\"\u0004)~Y"
        },
        {
            "username": "8񪂘𽫨S񇦹\u0013򲋶\u00137^E*/Mv{񤔱'5񮙽􆥅",
            "password": "𙋀e:=󨏙p񦙾b񍓧~q\u0002:󞛰l\u001e󓴓`v隇󩘗𲃠4󬡲L"
        },
        {
            "username": "򘋍U:\u0004򤷾?𚈕^Z𠘮bBRj𮠞 _t񼃷󘡔",
            "password": "󍋒NiOk񟛜򕈪􍕝f\u0006򥏚\u0005z2Kﻕ\u001f]<G󟇿L7񰵬"
        },
        {
            "username": "6񚾒\u001e\u0007-9%򢪊\u0008PAA]",
            "password": "𨊍yJ0\u0004"
        },
        {
            "username": "VNq𺅠Gy\r/(\u000e\u0011𰌫yKG-\u0013\u0002n$",
            "password": "W'򤈪W<q􏲁\u0010\u0007󕏟𪬇ey7 B𶴇7𛍛\tB"
        },
        {
            "username": "u\u0011",
            "password": "\u0013"
        },
        {
            "username": "F񙉔z%򦒏\u0014񹵓ddMV\u000f𶦉\u0017Q{rxUy񌅨\u0015\rB~\r\u000b\u001bu",
            "password": "\u0005񊼧J\u000f󵚸\u000eq򎄷l[\u0012[\n󼼏\u0010󏝚]񶜍lH\u0006\u001e"
        },
        {
            "username": "g-U4\u0019\n񀶵\u0000w\u000b#U!񎚰񁠻a",
            "password": "\\ࠫ󉕱l򝎪\u0004򊥿z0򍋒TL񻍢o"
        },
        {
            "username": "NH񐆻\"J𼺻/W\u000fn\u001a򞁿[\u0006nू;`\n\u0000S?򤏐\u001cX&g2𩫮󢮫",
            "password": "~򥂠\rUo}K"
        },
        {
            "username": "'hs\u001d\u0015\u0017T\u0013&򂾮5",
            "password": "E6"
        },
        {
            "username": "󼱀𞫵y^nm!󸷻A/*\u0001\u0002QZ󻰤\u0018QO\u001f\rX!󪢇\t\u000f!.J",
            "password": "󪏉8|𸡽\u000c\t𼰳`?\u0004\u00004\u0002\u001a"
        },
        {
            "username": "\u0014򍌬\u000f$𹟐[򭊋{Mp\t񯧼񃘡D\u000c\u0000ஜE-󤯮\u0017\u0010񊶵\u001b󶺘򖒎",
            "password": "򱤎"
        },
        {
            "username": "\u0014SkY\u0018󵒗'O򡟽r򳷽p\u000b",
            "password": "n~h񣶀􏽳\u0010L:񑽎󩮍j򲪞B!c;-a򤾗u𤌍fKfF"
        },
        {
            "username": "(4񔘯\u000e󾙵?񆳉k򚖟#䭂\u000f#􅵤",
            "password": "󺜝򋪑@"
        },
        {
            "username": "\\(񪍔I;󱄭\"a1@󖍂Z\u001c󀱛y$",
            "password": "\u0008>'"
        },
        {
            "username": "򋶐M𲿿H^,񊶶򵵝o@:<X\u001dj72񉨣\u0016򘖪",
            "password": "\u0013񠵴jy<\u0007RJ\u0002.d֏\u001cw=n񀨽\u0019HW\u0019򆣴󑸆H򇚟"
        },
        {
            "username": "􂓎-5",
            "password": "U~󼲝U(a񀃎1M5񼶈\u0006\nh󋱟2I\u001f򫋍𙊸r\u000bt\r󇖈\u001e?"
        },
        {
            "username": "󿋃􁠍󝇫\u0011򭋘,񎕃",
            "password": "j:]`k\u000c^𒄁𜔑?;g򎇱P:MfLZ\u000cT񟼤󱇉󻨩\u0003Y򯩰👣|"
        },
        {
            "username": "\u0018񴣸b0\\b$\u0006.\u0014}c􏐄򶔇w󡆂4𗶠",
            "password": "򂕨L󇤂\u0000k"
        },
        {
            "username": "񔛎񛚊pA\u0000t󫮵po\u0000WA.A",
            "password": "A󭮀i򀵥wpN򖾫h氊>󈺟󤍴\u0017\u0015"
        },
        {
            "username": "dM򏯮b(X\u0011(\u0010񂢞\u0002򮄈cT;",
            "password": "Cq񂀨kx򲐻%&hsK^\u0015"
        },
        {
            "username": "Jw󶥪N]\u000f\u0006[)0R󏓆\u0000\u0012񣈔CWh",
            "password": "XC?󴰖pW\u0002cQ\u0006\r!񌰙𛡸\u001dx\u0018|[g"
        },
        {
            "username": "Cq]-",
            "password": "|\u0015񙂅>\u000e𺗛]O񖉞𠍤\u0010𕲏򝯭I\u000e\u0015"
        },
        {
            "username": "@pah񻚜`\u0006R%8~\u0014󙡣F\rg򨷙\u001b󇑶COZh񸝫",
            "password": "\u0018𝍀w񏘃~񨏓󻿁򴢟s𛠍B󓙏e}~\u000c}畲F󎊁񾌷"
        },
        {
            "username": "\u0008\u001d􂂳򘞑\u000fTO\u0011ᯰ򺮤􉘡%\t84\u0007\u000cAhAmS\u0001\u0001\u000f!x3`",
            "password": "r\u0005kt\u0007qz-*|%򊍸"
        },
        {
            "username": "Q񣎷M@\u0006񧏭x󘛒}H%p𦸛셥\\{",
            "password": "\u001dKW\r\u0013\u0015򸘲=?\nt񎾸ｦ 󌼹󭶁0\u0017󩳛񗔏:$^R𿮹#]􁂶"
        },
        {
            "username": "o󩿉\u000bu򥷐\u0013\u000fFF\u0014Q1N򪈂󚂘\u0006(",
            "password": ""
        },
        {
            "username": "",
            "password": "n\u001b裐+򯐒m󻫷󜻶4"
        },
        {
            "username": "\u0014:w",
            "password": "7𢏮fM"
        },
        {
            "username": "1\u0007_򶀐\u0017񀎦񖽇U􌛳1\tH`",
            "password": "U򯜔􅨱/\u000f򴷆󭀸Q򂋼\u001df+\u001e󝺟t񂱅ma\\K\u001c𿍟􍇩𶛬n"
        },
        {
            "username": "􂋐~+S񶅝JfN\u0015aY@:Wc9𳣶hu𸂭",
            "password": "\u0013񠀂q\u000c5"
        },
        {
            "username": "b񾖬cࣲaM򘵜(\u000b󣎄3򂅜K.򷯸}𗞬 >🱪􍹑 a",
            "password": "񔭑󨂛󇺪\u0018L1UP$"
        },
        {
            "username": "񀬀\"󬓐L\\X\u0014K1'^z}󻤓K,r\u00056T􋢌W3񇅏󢙣N+",
            "password": "wa=hZ\u0003\\\u001dvZ򋝼A6򬞽󙞶𗓹a"
        },
        {
            "username": "W%9_?0u3_W\u0013񦪀E񍒦+\u0004s",
            "password": "_E@+󑒐𩕏7=K򰵛H&󚙡󘩤\u0004𨭰A󮊷"
        }
    ]
}