{
    "seed": 7902835834504443691,
    "samples": [
        -1,
        -23,
        -29,
        24,
        2,
        -24,
        -20,
        -17,
        -13,
        16
    ]
}