{
    "seed": -8379786812159388585,
    "samples": [
        {
            "partiallyFilled": {
                "wp2a": 22.83915,
                "wp2cb": [
                    23.13865296450154,
                    5
                ],
                "wp2ab": [
                    -292.10303,
                    30
                ],
                "wp2b": -15
            },
            "bar2": [
                -30,
                27,
                19,
                -18,
                25,
                19,
                17,
                -6,
                20,
                -21,
                -23,
                24,
                1,
                -3,
                -20,
                26,
                -7
            ],
            "bar": "\u0017%\u00087:\u000c\u0007񵢀\u0003,o􊞡[\u0015򯟙\\ZR{\u00107C"
        },
        {
            "partiallyFilled": {
                "wp2a": -13.311237,
                "wp2cb": [
                    -4.541639677984625,
                    29
                ],
                "wp2ab": [
                    -4.838325,
                    5
                ],
                "wp2b": -3
            },
            "bar2": [
                7,
                -30,
                -12,
                1,
                -9,
                -16,
                12,
                -6,
                -13,
                -13,
                -15,
                -7
            ],
            "bar": "nzV󎠃\u000ez\u0007\u000f!=򺂛!c\u001d7􄎎V򉤜󀮑󾇨󛒞)L "
        },
        {
            "partiallyFilled": {
                "wp2a": -7.8519015,
                "wp2cb": [
                    -32.23172977117909,
                    -6
                ],
                "wp2ab": [
                    2.3684263,
                    29
                ],
                "wp2b": -25
            },
            "bar2": [
                -2,
                20,
                3,
                -9,
                -1,
                -6,
                15,
                0
            ],
            "bar": "V0m%*=/P\u000f{"
        },
        {
            "partiallyFilled": {
                "wp2a": 10.475029,
                "wp2cb": [
                    -25.2374240569863,
                    14
                ],
                "wp2ab": [
                    74.242455,
                    12
                ],
                "wp2b": 3
            },
            "bar2": [
                18,
                -11,
                -13,
                -8,
                -24,
                -14,
                21,
                23,
                14,
                -23
            ],
            "bar": "\u000e\u000c\u000b\\\u0014U7<\u000c򭕍`𴧁󶄵\u000b\u00151󺥗57𨏌O"
        },
        {
            "partiallyFilled": {
                "wp2a": -57.80639,
                "wp2cb": [
                    -33.87364719710871,
                    30
                ],
                "wp2ab": [
                    -62.06347,
                    18
                ],
                "wp2b": -5
            },
            "bar2": [
                -19,
                18,
                -9,
                26,
                17,
                -18,
                -20,
                -23,
                4,
                -17,
                27,
                27,
                17,
                7,
                -26,
                5,
                20,
                -14,
                -6,
                29,
                21,
                -26,
                25,
                -27,
                -12
            ],
            "bar": "jF𲍢fvx𶻶\u001d\u0014𰗧v\t򮾃󃤦E𣖌􅷔|򺋻C󋂱k󴗹\r򉎄ev\u001a"
        },
        {
            "partiallyFilled": {
                "wp2a": 1019.4793,
                "wp2cb": [
                    35.14410513426901,
                    -24
                ],
                "wp2ab": [
                    -25.855764,
                    10
                ],
                "wp2b": 11
            },
            "bar2": [
                26,
                -24,
                -21,
                2,
                -5,
                -6,
                8,
                -16,
                -6,
                -20,
                7,
                -9,
                15,
                3,
                -7,
                -7
            ],
            "bar": "\u0018hS𰙑R"
        },
        {
            "partiallyFilled": {
                "wp2a": 58.485584,
                "wp2cb": [
                    -6.197429192005053,
                    2
                ],
                "wp2ab": [
                    2.2939062,
                    0
                ],
                "wp2b": -21
            },
            "bar2": [
                26,
                10,
                -17,
                -8,
                5,
                27
            ],
            "bar": "(\u000b򣒛F𪛓:b\u0017"
        },
        {
            "partiallyFilled": {
                "wp2a": -6.5330615,
                "wp2cb": [
                    -9.887865628580588,
                    24
                ],
                "wp2ab": [
                    53.241123,
                    -27
                ],
                "wp2b": -4
            },
            "bar2": [
                -11,
                17,
                -12,
                -12,
                3,
                30,
                -6,
                -3,
                -17,
                -12,
                22,
                24,
                -10,
                -20,
                2,
                3,
                1,
                6,
                -26,
                -7,
                -8,
                25,
                -1,
                -28,
                18,
                26,
                18
            ],
            "bar": "u\u0001\u0013\u0007OB!*󻤁𮙲@򺾗󖍩\u0011𒲯\u001f\u0016nuw힊rv"
        },
        {
            "partiallyFilled": {
                "wp2a": 20.822962,
                "wp2cb": [
                    -17.446107236877303,
                    8
                ],
                "wp2ab": [
                    -522.6723,
                    30
                ],
                "wp2b": 27
            },
            "bar2": [
                13,
                21,
                -19,
                7,
                -25,
                13,
                17,
                11,
                3,
                24,
                -3,
                -28,
                0,
                30,
                17,
                -1,
                30,
                -2,
                20
            ],
            "bar": "l\"\u001c&t𴙫z񳇿즌"
        },
        {
            "partiallyFilled": {
                "wp2a": -9.6347685,
                "wp2cb": [
                    -34.833228845033815,
                    -27
                ],
                "wp2ab": [
                    44.821674,
                    26
                ],
                "wp2b": 16
            },
            "bar2": [
                22,
                -10,
                -11,
                29,
                27,
                -4,
                5,
                29,
                -3,
                -1,
                -20,
                -16,
                0,
                30,
                -15,
                24,
                26,
                9,
                23,
                18,
                10,
                -29,
                -13,
                14,
                28,
                -10,
                3
            ],
            "bar": "\u0016H=𓆪\u001b(򰲇\u000b\u00138𫱍_["
        }
    ]
}