{
    "seed": -2654142292316222305,
    "samples": [
        {
            "tag": "HasMixed",
            "contents": [
                12,
                "1\u000b\u0007󏠎򑢆񠾔򆓱\u0014^s\u0010)񳒔𕳀M󞘣\r\u000e򰖴\u0012\u0005\u001d𐌟",
                -16.59763280185799
            ]
        },
        {
            "tag": "HasMixed",
            "contents": [
                8,
                "\u0015󜉻\u0011񮛏",
                27.77589949846449
            ]
        },
        {
            "tag": "HasMixed",
            "contents": [
                -3,
                "\u0011􈫽c􅠊🚆򨥙\u0008F򗼒\\}\u000et?l;􉋸77\u000f𵬣{#򅉸y",
                26.574680973937916
            ]
        },
        {
            "tag": "HasMixed",
            "contents": [
                -24,
                "F\u0016z🿬@u#󿣖[\u0004v#/󐝏Ctb\u0008l:򌼶\u000f񡺡控vil\u001d󛍽",
                17.37148107088869
            ]
        },
        {
            "tag": "HasMixed",
            "contents": [
                6,
                "4S\u0013-𽺸5",
                -45.166168298682415
            ]
        },
        {
            "tag": "HasMixed",
            "contents": [
                -2,
                "􀒲D]\\o􌿐Ad{{\u0019*t󃢶󍶀m\u0014\u0000bR񐉄:\u0002!򒇈򒸛󋅄f ",
                71.97593556837859
            ]
        },
        {
            "tag": "HasMixed",
            "contents": [
                15,
                "{vAr񷦫2󽒟!c򮟧 :򬶘򍿀lm𕚛&򔕻򈿚\u001b98Y_",
                -23.0195563951901
            ]
        },
        {
            "tag": "HasMixed",
            "contents": [
                29,
                "g𛔇񈆺򽘘W\u0017C􎦋\u0015\u0019򜟳#",
                -29.53676819577425
            ]
        },
        {
            "tag": "HasMixed",
            "contents": [
                11,
                "\u0013]6",
                -892.1011164610527
            ]
        },
        {
            "tag": "HasMixed",
            "contents": [
                29,
                "󆊫𤧹!\r",
                51.10013637806332
            ]
        }
    ]
}