{
    "seed": -8751944276553698333,
    "samples": [
        "Clubs",
        "Clubs",
        "Clubs",
        "Clubs",
        "Clubs",
        "Clubs",
        "Clubs",
        "Clubs",
        "Clubs",
        "Clubs"
    ]
}