{
    "seed": 6202039835481749790,
    "samples": [
        "Diamonds",
        "Diamonds",
        "Diamonds",
        "Diamonds",
        "Diamonds",
        "Diamonds",
        "Diamonds",
        "Diamonds",
        "Diamonds",
        "Diamonds"
    ]
}