{
    "seed": -6671630972474586656,
    "samples": [
        "Spades",
        "Spades",
        "Spades",
        "Spades",
        "Spades",
        "Spades",
        "Spades",
        "Spades",
        "Spades",
        "Spades"
    ]
}