{
    "seed": -8265811689822982989,
    "samples": [
        {
            "address": "\u000c`Qp",
            "employees": [
                {
                    "name": "\\Ì\u001eÝ°-¿©Ë\u0013ou",
                    "id": 3
                },
                {
                    "name": "&\u0006\u001a\u001a\u000e&\t?ä|ÿ\u0006U\n0)\u0016",
                    "id": -6
                },
                {
                    "name": "}ä&Ð^`",
                    "id": 17
                },
                {
                    "name": "\u0010\u001fj\u00047",
                    "id": -22
                },
                {
                    "name": "=\u0016",
                    "id": -11
                },
                {
                    "name": null,
                    "id": 14
                },
                {
                    "name": null,
                    "id": 22
                },
                {
                    "name": "k\u0016",
                    "id": -10
                },
                {
                    "name": "ºF e\u0003Y\u0000\u0005P/J0 ",
                    "id": 30
                },
                {
                    "name": "´ ^n\t40Ô\u0006\u001e0\u0010Ó",
                    "id": -29
                },
                {
                    "name": "+F¼",
                    "id": 13
                },
                {
                    "name": "©gr5QJ",
                    "id": 30
                },
                {
                    "name": "»¸¤k~G+È\u0011c\u001a©w\u0014{yxL1\\%)=\u0012#,u",
                    "id": -23
                },
                {
                    "name": "YAeanb\u0016[}õ´vk\u0019Ox",
                    "id": -10
                },
                {
                    "name": "$Õ\"\u0008íRØuP1û5BÝ\u0010\u001aÞÎ<ºP$wd",
                    "id": -19
                },
                {
                    "name": "08Uê|Qûf9\u0017:N\u00122Ym",
                    "id": 5
                },
                {
                    "name": "ç]7nQ\u001aÂ~2\u0015WZ\u0002»jy",
                    "id": 29
                },
                {
                    "name": null,
                    "id": -11
                },
                {
                    "name": null,
                    "id": 12
                }
            ]
        },
        {
            "address": "}\u0010VA\u0003k\u0008\u001b¢XZd",
            "employees": [
                {
                    "name": "e\u0004m\u000bÇV\u0004mno\u001e£",
                    "id": 26
                },
                {
                    "name": "v;\u0006\u0001»É$\"\u000b3v\u000cX]-z2×mO87ðÆ",
                    "id": -15
                },
                {
                    "name": null,
                    "id": -1
                },
                {
                    "name": "\u001f\u000bW\u0003\u000f§\u001f\u00030_\\N\u0002#\u000fnÄm",
                    "id": 12
                },
                {
                    "name": "¨%I\\\u000f\u0004ìun+aËS´r]cNÓò",
                    "id": 10
                },
                {
                    "name": "uaFpl§",
                    "id": -5
                },
                {
                    "name": "GHg$m\u000f\u001d4\u001fSF::z{®e$//¤D\u001a[Ü8",
                    "id": -12
                },
                {
                    "name": "Ã&?i#\u0000Õ!\u000f",
                    "id": 9
                }
            ]
        },
        {
            "address": "ZXåpjåç\u0012YA8úl;\\zYÙÉj|",
            "employees": [
                {
                    "name": null,
                    "id": 20
                },
                {
                    "name": "Q11",
                    "id": -19
                },
                {
                    "name": null,
                    "id": 9
                },
                {
                    "name": "G\u0002|ç@\u001c0P\u0010b\u000b²c",
                    "id": 8
                },
                {
                    "name": "T!MS]Ã+w>  Ys\u0013\u00103Cvm;\táaA\u0000\u001a",
                    "id": 0
                },
                {
                    "name": "\u0007_`W*a\u0008zS",
                    "id": 0
                },
                {
                    "name": "ó6",
                    "id": 0
                },
                {
                    "name": "µ{(&\u0008\n²\rýmj\u001d\u000b\nE\u000bWu²",
                    "id": 6
                },
                {
                    "name": "06!zP",
                    "id": -13
                },
                {
                    "name": null,
                    "id": -18
                },
                {
                    "name": null,
                    "id": 27
                },
                {
                    "name": "\u000f=¯imIlAb\"ð\u0002=L|Ú\u0000/\u001dÇ\u0014N\u001b Ö{a|a",
                    "id": 14
                },
                {
                    "name": "P!X#\u0008]\u0008>v\u0006~ÉóV_0\"`t e\u0011\u0004u)",
                    "id": -12
                },
                {
                    "name": null,
                    "id": -27
                },
                {
                    "name": "nWÎXÅ[\r\tªM±\u0017D\u0015GBaÔ+",
                    "id": 1
                },
                {
                    "name": "?ª\u000cBE",
                    "id": -14
                },
                {
                    "name": "ãM@\rk\nÐñ9,úqC«Skm^²i©",
                    "id": -30
                },
                {
                    "name": "fñaS(ñ7ú\\~\u001dvcr",
                    "id": -18
                },
                {
                    "name": "áS\u00162\u001d×Ä\u0015E\u0007",
                    "id": 17
                },
                {
                    "name": "Ü|\u001a\u0010\tëÏx0\u0003w",
                    "id": 11
                },
                {
                    "name": ">d±ÚÑ@,qT\u0006CÏJdéYb;PNU\"yD\u0008;>XW",
                    "id": 11
                },
                {
                    "name": null,
                    "id": 10
                },
                {
                    "name": null,
                    "id": 28
                },
                {
                    "name": null,
                    "id": 26
                },
                {
                    "name": null,
                    "id": 2
                },
                {
                    "name": null,
                    "id": -21
                },
                {
                    "name": null,
                    "id": -2
                },
                {
                    "name": null,
                    "id": 10
                },
                {
                    "name": "\u0014¬{L\u001ct6¾*\u0010\u001dGJ\u001eR\u0018lfMaí",
                    "id": -5
                }
            ]
        },
        {
            "address": "%[¥éNà\u001049ÈÔ&_ã1\u0000",
            "employees": [
                {
                    "name": "Ót\u0015Ùê(ÐFpMY|d\u0005,",
                    "id": 30
                },
                {
                    "name": null,
                    "id": 2
                },
                {
                    "name": null,
                    "id": 28
                },
                {
                    "name": "\u0019%¥xVp\u0010",
                    "id": -24
                },
                {
                    "name": "ú\u000e÷Q/vP*\u0015",
                    "id": 28
                },
                {
                    "name": "v4h-HRé/)>\u000c6ÁN<\u0003Z¹ñ",
                    "id": -10
                },
                {
                    "name": "KkBM2\u0005\u0010=\u0013\u0001\u0008~Sn*\u0013ªF¼",
                    "id": 2
                },
                {
                    "name": "UxÐGï>&üH0#Á\u0002\u0000",
                    "id": -28
                }
            ]
        },
        {
            "address": "]äüà\u0018\u0017\u001dm'{\u0013dJgZÀ \u000f",
            "employees": [
                {
                    "name": "%èÀ\u001b\u0002fÐ",
                    "id": -14
                },
                {
                    "name": "®mA.D$",
                    "id": -3
                },
                {
                    "name": null,
                    "id": -21
                },
                {
                    "name": null,
                    "id": 4
                }
            ]
        },
        {
            "address": "¤BM\u001aY\u0001\u0010ÍvDa.~f",
            "employees": [
                {
                    "name": "GJ\u0017%Wg\u0011Øº§Yz\"",
                    "id": -26
                },
                {
                    "name": "+F",
                    "id": 9
                },
                {
                    "name": "±00ûR\u0010\u0003u5Fk)F)7N\u000b",
                    "id": 9
                },
                {
                    "name": "JY+\" ¿E7\u000fGtèoiH\u001b\u000bkj\r7",
                    "id": -20
                },
                {
                    "name": null,
                    "id": 2
                },
                {
                    "name": "_½\u000b©s­#6F®ñM@",
                    "id": -22
                },
                {
                    "name": "/ö\n4í)\u0004zMÀ>oÕK",
                    "id": -11
                },
                {
                    "name": null,
                    "id": -11
                },
                {
                    "name": "^q\u000f\tÑ$û",
                    "id": -5
                },
                {
                    "name": "¢ug0\u001dk£^%Ã6J\u001fý#ýZÅH\u0012h7>\u0008b\u0002%8",
                    "id": -23
                },
                {
                    "name": "ryÌbsAh}`c\u001d¹Ý\r\u0012ö;\u0000|xtå\u0004",
                    "id": 17
                },
                {
                    "name": "L",
                    "id": -19
                },
                {
                    "name": "\u0019þ]ì%u\u001eHV",
                    "id": 23
                },
                {
                    "name": "P2ù¯c~&7Sè)k\u0001\u0007fì>!e\u0015-¡N",
                    "id": -28
                },
                {
                    "name": null,
                    "id": 27
                },
                {
                    "name": "Q\u000cFgÃ/V£{1fKkHv\u0003\nd8'm",
                    "id": 12
                },
                {
                    "name": null,
                    "id": -9
                },
                {
                    "name": "i",
                    "id": 15
                },
                {
                    "name": null,
                    "id": -17
                },
                {
                    "name": "K4\u0003^& ´R[\u001d?DFÿ\u0018ÂL\rEît",
                    "id": -9
                },
                {
                    "name": null,
                    "id": -1
                },
                {
                    "name": "",
                    "id": -6
                },
                {
                    "name": "\"-\u00080ÛÈ\u0008\u001a³D",
                    "id": 28
                },
                {
                    "name": null,
                    "id": 20
                }
            ]
        },
        {
            "address": "i4\u001bUn\u0005\u0003a,IH¤¦|½8L\u0015i",
            "employees": [
                {
                    "name": "8CÓ\u0010}+¤Cx Ý\u001b(\u0002y³Ï{]\n<¡©³",
                    "id": -30
                },
                {
                    "name": " \u0000H\u00077ÿÁ\u000f^\nÏ`5Í0l",
                    "id": -12
                },
                {
                    "name": null,
                    "id": 14
                },
                {
                    "name": "\u0012?ÒBEOOc²¥&qô{BVÔÍy\u001c\u0011",
                    "id": 19
                },
                {
                    "name": "]",
                    "id": 17
                },
                {
                    "name": "é\r\u0014",
                    "id": 18
                },
                {
                    "name": null,
                    "id": 8
                },
                {
                    "name": null,
                    "id": 10
                },
                {
                    "name": "\u001c\u000e¹\rYÀ\u0000nV¢xN.rg\u000f\u000f9\u0011o]",
                    "id": -16
                },
                {
                    "name": "\u000ebk£\u001b\u0001k\u0018[fáKwtÔ\u0001q\ti<iÝD\u001a",
                    "id": 20
                },
                {
                    "name": ";xC\u0011½\r_",
                    "id": -7
                },
                {
                    "name": null,
                    "id": -1
                },
                {
                    "name": null,
                    "id": 4
                },
                {
                    "name": "\u001e\u0003;\r1\tÎw\u0011Ä\u0015ó.\u0015",
                    "id": -18
                },
                {
                    "name": "¶'\u0004\nq\u0002s\røQhJ((g\u0018çW-\u0015",
                    "id": -1
                },
                {
                    "name": "<Ìc¯Ð¼\u0007A8XÌl\u000f¬f Ée",
                    "id": -4
                },
                {
                    "name": "ù\rðõB\u000f!<××{±HëáWàJ\\Çc",
                    "id": -25
                },
                {
                    "name": null,
                    "id": 2
                },
                {
                    "name": "! ½/­þÌ¬\u000c\u0004Ö1[jsò",
                    "id": 7
                },
                {
                    "name": null,
                    "id": 19
                },
                {
                    "name": ">ø[ñzymHF2±Î_Z\u0011)%Tf¹a¬wD*b\u0012",
                    "id": -14
                },
                {
                    "name": "v\u001dq4-\u000ex",
                    "id": -6
                },
                {
                    "name": null,
                    "id": 13
                },
                {
                    "name": "u,T÷1ÙJuíÃz¯`Ô3xqõ,q",
                    "id": -17
                },
                {
                    "name": "\u0008Y\u0013¨h\u001dU\u0006§Íè;ü¯xÿq#\u001d",
                    "id": 24
                },
                {
                    "name": "§",
                    "id": 13
                },
                {
                    "name": null,
                    "id": -25
                }
            ]
        },
        {
            "address": "\u001bbDzSþ\u000fd½°¶¨\n;\u0012'\u001d~\u0000,\u0002ê|\\\u0006!",
            "employees": [
                {
                    "name": "\\\u0008\u0003'\u0018\u0013\u0004­\u0011\u0000R\\\u000f\u001f#\u0007V'Q\u001d\u0012^I\u0016Ó",
                    "id": -11
                },
                {
                    "name": "2d\u0018\u000ct-\\©\u0018ý\u0014[\u0002£h\u001c\u0018eNB7\u0016a:8\nö",
                    "id": -27
                },
                {
                    "name": "D|\u0005O½n¡t",
                    "id": -5
                },
                {
                    "name": "=k<;tö;}\u001aîÜ[b\u00161&¦\u0005´\u0018@",
                    "id": -3
                },
                {
                    "name": "'KïB\u0007»0b×i\u0000\u0000ú\u0019t¾H",
                    "id": -27
                },
                {
                    "name": null,
                    "id": -20
                },
                {
                    "name": "w\u000f¤",
                    "id": 28
                },
                {
                    "name": null,
                    "id": 22
                },
                {
                    "name": "7,Ê_Eð\u001a\u0005",
                    "id": 13
                },
                {
                    "name": " 1@\u0014èK",
                    "id": -19
                },
                {
                    "name": "",
                    "id": 7
                },
                {
                    "name": "èEI",
                    "id": 29
                },
                {
                    "name": null,
                    "id": 9
                },
                {
                    "name": null,
                    "id": 4
                },
                {
                    "name": null,
                    "id": -1
                },
                {
                    "name": "/m\u001dí#×K\u0015!K\\JB)d\u00189",
                    "id": 28
                }
            ]
        },
        {
            "address": "ÖM=b",
            "employees": [
                {
                    "name": "2}þ3(\u0006iLñT@\u000c¤\u0006p?Â\u0018k½\u000fMË\u0005\u000eq",
                    "id": -26
                }
            ]
        },
        {
            "address": "\u0006F\u0016g\u0011*\u0006ÊG1=\u001dHÉ\u0001)\"Ãr6|0\u0018Bà'v",
            "employees": [
                {
                    "name": "\u0000_\u0002\u0004",
                    "id": -17
                },
                {
                    "name": "f\r»H;Ê\u001d\"I´Û\u0004Î¯&Iú@^|Ù]i\r",
                    "id": 30
                },
                {
                    "name": "\u0004ÀÜtz-Ùi\u00146jvÅ\u0007",
                    "id": 2
                },
                {
                    "name": "<\u0018",
                    "id": 17
                },
                {
                    "name": "",
                    "id": 2
                },
                {
                    "name": "-)Kµ\u0004SJ",
                    "id": 24
                },
                {
                    "name": null,
                    "id": 11
                },
                {
                    "name": null,
                    "id": -15
                },
                {
                    "name": "]+a5®dcXcÉá_^-¶\u0005j§Ô]",
                    "id": 29
                },
                {
                    "name": "=\u0002m'Þ\u0018_y³>à3+ob",
                    "id": 2
                },
                {
                    "name": "R>M5nN\u00088~\u001c\u000b\nø+rZ\u0004b~",
                    "id": 28
                },
                {
                    "name": null,
                    "id": 10
                },
                {
                    "name": null,
                    "id": 5
                },
                {
                    "name": "9T",
                    "id": -21
                },
                {
                    "name": "\u0006",
                    "id": -24
                },
                {
                    "name": "\u0013n~È@74UJ\u001eÈ\u0016\u0010$!)r&\u0014Xm^LH\u001d",
                    "id": -24
                },
                {
                    "name": "i~ZS4\u001bð©3fq\u0002ir\n2\u000c\u001fÝö@\u0002kf§q",
                    "id": 20
                },
                {
                    "name": "H_",
                    "id": -29
                },
                {
                    "name": "j[c+(#¨p|\u0015M°´vc^",
                    "id": -6
                },
                {
                    "name": "ü.»b\n¸\"ev}\u0018\u0014\u0016wR>O",
                    "id": 11
                },
                {
                    "name": null,
                    "id": 22
                },
                {
                    "name": "'È!L=/XÜ\u001d8,\u0013\u0018\u0017\u0017øEj7.\u0013\u0002",
                    "id": -7
                },
                {
                    "name": "v 5=8Q5WD\u0019\u001f?ÀXH;~h00(\\qmIM",
                    "id": -14
                },
                {
                    "name": "\u0002}s\u000bk=\u0014.qÊ\u0004w+",
                    "id": -5
                }
            ]
        }
    ]
}