{
    "seed": 4516830748937394304,
    "samples": [
        {
            "userIdent": "􍤠񺳳DbS",
            "userPassword": null,
            "userTimezone": "󆧂^򾈵\u0015\u000f,񆙝\u0017"
        },
        {
            "userIdent": "N\u0001O􎬱",
            "userPassword": null,
            "userTimezone": "k􆿈z=򻞒\u0012[\u001b_r\u0016x\u001e񣴀󃁰"
        },
        {
            "userIdent": "]M",
            "userPassword": "󶁼\u0019\u000c\u0018-\"\"O\u000eV󷇔𬝻񞺄cD\u001d\u0006C\u0003~{-񀄵",
            "userTimezone": "򸗫򖖥S𠽯H\u0015񱒥X"
        },
        {
            "userIdent": ",\u001f&R<\u0011\u0008",
            "userPassword": null,
            "userTimezone": "/𲄷G򟤏\u0011Y$-z^򋄢\u0008埵\u000b\u0008}\u0006O{w\u001f-󳷏"
        },
        {
            "userIdent": "Qbd3⏡px^z[򧋇򍅈291=𫱙o淓}",
            "userPassword": null,
            "userTimezone": ""
        },
        {
            "userIdent": "",
            "userPassword": "l\u0002񰓚]\u0003u\u0013v𜫀\t&%\t󎠴7",
            "userTimezone": "𛌣'𸫸򡂉62(󣊽񽺧J񗢎񥌩nFB"
        },
        {
            "userIdent": "z/u\u0012tRG\u001dP=xS\u001e𨒍=H\u000c\u001a",
            "userPassword": "x,󒿲D򩼛򝝹򊣙\u001a󖐷\u001d^\u001dJj\"M(\u000b&􎞧񱃦򖜥Ub򴧡򞜙HB\u0019",
            "userTimezone": "M\u000e${7HxZ8\u0006c%Ap"
        },
        {
            "userIdent": "\u0017H\u0011nrK",
            "userPassword": null,
            "userTimezone": "𧳏r,'FX𻾽򲙻"
        },
        {
            "userIdent": "\u001d򪢢徹\u0000򄑜B7r]R,\u001ea{d񬆢򛝏\u0011򶢉\u001a𔺍󠔗\u0012\u001d",
            "userPassword": "𗔮𾶉\u0018򣖎\u0016/F0",
            "userTimezone": "ZN\u001cwZ񅓆EP\u000e񦘮󫴓􍋓k75v??󴑥\u00141 &;"
        },
        {
            "userIdent": "񅘯\u0013\rP󒀸񔘖𹀂󼛓R󳹉1.\u0019J򦁋󐉠8",
            "userPassword": "+ꤻ\u0017Q򍜫@\u00040U5\u000b򴕪c\\/v󷴄d\\\u001a#",
            "userTimezone": "X󧕎!r򰣐F򉘫񛾦Bx"
        }
    ]
}