{
    "seed": -7892224239265594902,
    "samples": [
        {
            "value": -14,
            "key": 19
        },
        {
            "value": -21,
            "key": -16
        },
        {
            "value": 22,
            "key": 14
        },
        {
            "value": -9,
            "key": 29
        },
        {
            "value": -23,
            "key": -2
        },
        {
            "value": -11,
            "key": -25
        },
        {
            "value": -29,
            "key": 6
        },
        {
            "value": 22,
            "key": -3
        },
        {
            "value": 26,
            "key": 20
        },
        {
            "value": 7,
            "key": -4
        },
        {
            "value": -13,
            "key": 29
        },
        {
            "value": -23,
            "key": 5
        },
        {
            "value": 16,
            "key": 27
        },
        {
            "value": -18,
            "key": -10
        },
        {
            "value": 4,
            "key": 19
        },
        {
            "value": -6,
            "key": 4
        },
        {
            "value": 15,
            "key": -27
        },
        {
            "value": 25,
            "key": -12
        },
        {
            "value": 15,
            "key": -13
        },
        {
            "value": -9,
            "key": -3
        },
        {
            "value": -18,
            "key": -7
        },
        {
            "value": -16,
            "key": -20
        },
        {
            "value": -28,
            "key": -14
        },
        {
            "value": 27,
            "key": -9
        },
        {
            "value": 10,
            "key": -21
        },
        {
            "value": -29,
            "key": 22
        },
        {
            "value": 21,
            "key": 30
        },
        {
            "value": -25,
            "key": -27
        },
        {
            "value": 3,
            "key": 3
        },
        {
            "value": -2,
            "key": -28
        },
        {
            "value": -2,
            "key": 22
        },
        {
            "value": 11,
            "key": -13
        },
        {
            "value": 18,
            "key": -25
        },
        {
            "value": 5,
            "key": 15
        },
        {
            "value": -18,
            "key": 6
        },
        {
            "value": 26,
            "key": -9
        },
        {
            "value": -16,
            "key": 3
        },
        {
            "value": -22,
            "key": 15
        },
        {
            "value": 29,
            "key": 0
        },
        {
            "value": 5,
            "key": -19
        },
        {
            "value": 4,
            "key": -28
        },
        {
            "value": 4,
            "key": 1
        },
        {
            "value": -28,
            "key": -17
        },
        {
            "value": -26,
            "key": 20
        },
        {
            "value": 27,
            "key": 27
        },
        {
            "value": 23,
            "key": -9
        },
        {
            "value": 26,
            "key": -28
        },
        {
            "value": 15,
            "key": 0
        },
        {
            "value": -27,
            "key": -6
        },
        {
            "value": -24,
            "key": 17
        },
        {
            "value": -12,
            "key": 2
        },
        {
            "value": -10,
            "key": -2
        },
        {
            "value": 7,
            "key": 15
        },
        {
            "value": 8,
            "key": 12
        },
        {
            "value": -28,
            "key": 14
        },
        {
            "value": -20,
            "key": 23
        },
        {
            "value": 13,
            "key": -6
        },
        {
            "value": 1,
            "key": -15
        },
        {
            "value": -3,
            "key": -5
        },
        {
            "value": 14,
            "key": 10
        },
        {
            "value": 13,
            "key": 3
        },
        {
            "value": -10,
            "key": -16
        },
        {
            "value": 7,
            "key": 11
        },
        {
            "value": 18,
            "key": -23
        },
        {
            "value": 7,
            "key": -12
        },
        {
            "value": -2,
            "key": 28
        },
        {
            "value": 0,
            "key": 16
        },
        {
            "value": 12,
            "key": -12
        },
        {
            "value": -23,
            "key": 24
        },
        {
            "value": 28,
            "key": -1
        },
        {
            "value": 22,
            "key": -24
        },
        {
            "value": 1,
            "key": -1
        },
        {
            "value": -18,
            "key": -7
        },
        {
            "value": 8,
            "key": 5
        },
        {
            "value": -28,
            "key": -23
        },
        {
            "value": 24,
            "key": 16
        },
        {
            "value": -29,
            "key": -6
        },
        {
            "value": 28,
            "key": 12
        },
        {
            "value": -12,
            "key": 2
        },
        {
            "value": -22,
            "key": 9
        },
        {
            "value": 12,
            "key": -3
        },
        {
            "value": -9,
            "key": 12
        },
        {
            "value": 28,
            "key": -26
        },
        {
            "value": 9,
            "key": -17
        },
        {
            "value": -27,
            "key": 26
        },
        {
            "value": 24,
            "key": 0
        },
        {
            "value": -9,
            "key": -24
        },
        {
            "value": 29,
            "key": 12
        },
        {
            "value": 4,
            "key": -26
        },
        {
            "value": -14,
            "key": 4
        },
        {
            "value": 20,
            "key": -10
        },
        {
            "value": 11,
            "key": -2
        },
        {
            "value": 27,
            "key": 4
        },
        {
            "value": 26,
            "key": 24
        },
        {
            "value": -18,
            "key": 13
        },
        {
            "value": 30,
            "key": 9
        },
        {
            "value": 28,
            "key": -17
        },
        {
            "value": 2,
            "key": -29
        },
        {
            "value": -27,
            "key": -3
        },
        {
            "value": -13,
            "key": -20
        }
    ]
}