{
    "seed": 2590989404807415497,
    "samples": [
        {
            "cardValue": -14,
            "cardSuit": "Hearts"
        },
        {
            "cardValue": -11,
            "cardSuit": "Clubs"
        }
    ]
}