{
    "seed": 3891830439839516773,
    "samples": [
        {
            "address": "r",
            "employees": [
                {
                    "created": "1970-01-01T00:00:29.000Z",
                    "name": "/E\u000b\u0000 V",
                    "id": 11
                },
                {
                    "created": "1970-01-01T00:00:12.000Z",
                    "name": "Ëq\u001eqËKòZM",
                    "id": -25
                },
                {
                    "created": "1970-01-01T00:00:21.000Z",
                    "name": "n#f",
                    "id": 23
                },
                {
                    "created": "1970-01-01T00:00:13.000Z",
                    "name": null,
                    "id": 30
                },
                {
                    "created": "1970-01-01T00:00:13.000Z",
                    "name": "N\u0014\u001eµO@b#6U%5\u001d\\\\\u0008\u0001",
                    "id": 1
                },
                {
                    "created": "1969-12-31T23:59:59.000Z",
                    "name": "ô\u001f_\u001e",
                    "id": -24
                },
                {
                    "created": "1970-01-01T00:00:17.000Z",
                    "name": null,
                    "id": -13
                },
                {
                    "created": "1970-01-01T00:00:26.000Z",
                    "name": "cMb",
                    "id": 26
                },
                {
                    "created": "1970-01-01T00:00:29.000Z",
                    "name": "\u0018\"ÚöQ)",
                    "id": -18
                },
                {
                    "created": "1969-12-31T23:59:56.000Z",
                    "name": "iHWm>\"P\u0000ék;DÞ5o!",
                    "id": -12
                },
                {
                    "created": "1970-01-01T00:00:01.000Z",
                    "name": null,
                    "id": 27
                },
                {
                    "created": "1969-12-31T23:59:47.000Z",
                    "name": null,
                    "id": -22
                },
                {
                    "created": "1970-01-01T00:00:18.000Z",
                    "name": "?\u0001´)A\u0007¸×dl,5VNKÔ3G\u0019h\u00087W]",
                    "id": -2
                },
                {
                    "created": "1970-01-01T00:00:22.000Z",
                    "name": "\u001a\u001f=è\u0014ÂÌÊy7Ø5»Z&\u000f\u000e\u0003tq",
                    "id": -1
                },
                {
                    "created": "1969-12-31T23:59:35.000Z",
                    "name": "\u000bQ\u0016Ck3\u0012U2KÄËNz\u0015\u0017LP=«",
                    "id": 24
                },
                {
                    "created": "1970-01-01T00:00:11.000Z",
                    "name": "$fHþçç\"t5jk&\u0002l{)¯wT",
                    "id": 26
                },
                {
                    "created": "1970-01-01T00:00:03.000Z",
                    "name": "·\u0008õE8¹B9ì@",
                    "id": 10
                },
                {
                    "created": "1970-01-01T00:00:26.000Z",
                    "name": "nWò\\\u0006m\t\u001eÈ§42IÐ\u001c",
                    "id": 29
                },
                {
                    "created": "1970-01-01T00:00:27.000Z",
                    "name": "UÔZ#ZU¶Umbæ.?[&Ø\u000cÊ3FPBè@!Cf",
                    "id": -15
                },
                {
                    "created": "1970-01-01T00:00:05.000Z",
                    "name": "V`ú[\u001e",
                    "id": 28
                },
                {
                    "created": "1970-01-01T00:00:26.000Z",
                    "name": "]6\u0011\u0000³w\u001coR,-`X\u001a2r\u000f5KYgÄO\u0000e$1Ent",
                    "id": 7
                },
                {
                    "created": "1969-12-31T23:59:40.000Z",
                    "name": null,
                    "id": 30
                },
                {
                    "created": "1969-12-31T23:59:43.000Z",
                    "name": "GmNTûRî\u0005iY\t­\u0001V3ÜV",
                    "id": -28
                }
            ]
        },
        {
            "address": "\u001a &NMËh0\u001f8On5\u000e!\u0000&\u000ebûq",
            "employees": [
                {
                    "created": "1969-12-31T23:59:35.000Z",
                    "name": "%",
                    "id": -13
                },
                {
                    "created": "1969-12-31T23:59:56.000Z",
                    "name": "\u000c\u0014ì\u0016Ï\u0018c\u0012)M0Æ\tôw2Â>#Ý",
                    "id": 9
                },
                {
                    "created": "1969-12-31T23:59:55.000Z",
                    "name": "i²ê:nn)»\u0016Hf;¸º\tS",
                    "id": 20
                },
                {
                    "created": "1969-12-31T23:59:35.000Z",
                    "name": "k",
                    "id": 1
                },
                {
                    "created": "1969-12-31T23:59:57.000Z",
                    "name": "x\u0016O\u001c[ßÑ\u001cui\r",
                    "id": -14
                },
                {
                    "created": "1970-01-01T00:00:00.000Z",
                    "name": "\u0011_'4MSd\u0016Ê\u000fn,N¦\u0001q\u0004V%N\u0001\"®,",
                    "id": -28
                },
                {
                    "created": "1969-12-31T23:59:45.000Z",
                    "name": "äwG\u0018Õ\u00035Ad",
                    "id": -6
                },
                {
                    "created": "1970-01-01T00:00:07.000Z",
                    "name": ")8\"osqñ\u0013\u0014¿\u0013cÑB\rê\u0004\u000c\tqö\u0001O5-\u0015r×",
                    "id": 21
                },
                {
                    "created": "1970-01-01T00:00:04.000Z",
                    "name": "@",
                    "id": -4
                },
                {
                    "created": "1970-01-01T00:00:21.000Z",
                    "name": "¢x5u\u0017H\u0005",
                    "id": -16
                },
                {
                    "created": "1970-01-01T00:00:02.000Z",
                    "name": "Y\u001c\u001cÆ0Dä\u0018\rx]yòs|sNcxdû`£\u0017",
                    "id": -7
                },
                {
                    "created": "1970-01-01T00:00:19.000Z",
                    "name": "<7Î>Õd>X\u0014\u000cP7",
                    "id": -26
                },
                {
                    "created": "1969-12-31T23:59:39.000Z",
                    "name": null,
                    "id": 6
                },
                {
                    "created": "1969-12-31T23:59:51.000Z",
                    "name": "S@",
                    "id": 3
                },
                {
                    "created": "1969-12-31T23:59:45.000Z",
                    "name": "z.º",
                    "id": -16
                },
                {
                    "created": "1969-12-31T23:59:46.000Z",
                    "name": "ý|dR`E âõèÒ+",
                    "id": 17
                },
                {
                    "created": "1970-01-01T00:00:07.000Z",
                    "name": "83sDL\u00167t;ñ£|-¶OY\tÕ6",
                    "id": -4
                },
                {
                    "created": "1970-01-01T00:00:13.000Z",
                    "name": "\u001edv\u001d.)[b\u001d\u0016>",
                    "id": -13
                },
                {
                    "created": "1970-01-01T00:00:11.000Z",
                    "name": "S{W",
                    "id": -12
                },
                {
                    "created": "1969-12-31T23:59:43.000Z",
                    "name": ";{\u0019uLÈzN¯",
                    "id": -11
                },
                {
                    "created": "1970-01-01T00:00:19.000Z",
                    "name": null,
                    "id": 10
                }
            ]
        }
    ]
}
