{
    "seed": 969034457750469491,
    "samples": [
        {
            "created": "1970-01-01T00:00:03.000Z",
            "name": null,
            "id": 21
        },
        {
            "created": "1970-01-01T00:00:07.000Z",
            "name": "Jacqueline",
            "id": 30
        }
    ]
}
