{
    "seed": 6667751379016249590,
    "samples": [
        "Clubs",
        "Clubs"
    ]
}