{
    "seed": 3172512750663455249,
    "samples": [
        {
            "ibA": {
                "created": "1864-05-04T00:00:01.011Z",
                "name": null,
                "id": 22
            },
            "ibS": "mE7`\n񩹒n^\u000b󼄱$[񴌜@򢚤\u0018VU",
            "ibX": -10
        },
        {
            "ibA": {
                "created": "1864-05-16T00:00:01.011Z",
                "name": "<n&\u0018󩳠𐘶\r􂚂\u0000\u0000g`D",
                "id": -10
            },
            "ibS": "!Y󼼬\u0016",
            "ibX": 10
        },
        {
            "ibA": {
                "created": "1864-05-29T00:00:01.011Z",
                "name": "V\u0014󷔚\u0011?YU󫂟v򚬳p8]/X󚦢s^񺺙𙎾6񣠦",
                "id": -2
            },
            "ibS": "󭖦\r\u001b\n􈮾\u0000m",
            "ibX": 14
        },
        {
            "ibA": {
                "created": "1864-06-05T00:00:01.011Z",
                "name": null,
                "id": -14
            },
            "ibS": "HB{\n\u001a򤏛p𲃩\u0015򛌵9\u0016󫵤񾲱!Jd",
            "ibX": -5
        },
        {
            "ibA": {
                "created": "1864-06-08T00:00:01.011Z",
                "name": null,
                "id": -4
            },
            "ibS": "y\u0019򜅧7>Z)c6\u0002/󏭙򳭞dj",
            "ibX": -10
        },
        {
            "ibA": {
                "created": "1864-05-14T00:00:01.011Z",
                "name": "\u0007󾣮󝥖򣢱}₟5񙊧;7i\u000by\u0006$HU3fK\u0008\u001a}2򾏄6]",
                "id": -2
            },
            "ibS": "^2C5񮢪񑽳",
            "ibX": -8
        },
        {
            "ibA": {
                "created": "1864-06-08T00:00:01.011Z",
                "name": "T",
                "id": -15
            },
            "ibS": "x\u001bゼ񜓜6𶁏񳥥;\u001fwo44N",
            "ibX": -1
        },
        {
            "ibA": {
                "created": "1864-05-29T00:00:01.011Z",
                "name": null,
                "id": 19
            },
            "ibS": "\u000f\u0000\rB9",
            "ibX": 29
        },
        {
            "ibA": {
                "created": "1864-05-20T00:00:01.011Z",
                "name": null,
                "id": 13
            },
            "ibS": "Ci1qpG=򖼐;M\u0016􍜫q񅋆^򑒠5a\u0003\u0001\u0010𽱥򑷖𡹾􄉫𺩌",
            "ibX": -9
        },
        {
            "ibA": {
                "created": "1864-06-01T00:00:01.011Z",
                "name": "\u0003\u0019󷛧\r![\u0003ceJI񀜀]AU",
                "id": -30
            },
            "ibS": "\u0012G_󺮘\u000e>\u001b󝱝󏘦𷿒\u0010t%違񁅘{𸾈D\u001ffXl\u0014𻯌\u001e(S\u000bd\u0010",
            "ibX": 6
        }
    ]
}