{
    "seed": -9154406842179955350,
    "samples": [
        28,
        30,
        -26,
        -3,
        8,
        19,
        21,
        30,
        6,
        -2
    ]
}