{
    "seed": 3044377800119016024,
    "samples": [
        {
            "tag": "A1",
            "a1": 5
        },
        {
            "tag": "A1",
            "a1": 3
        },
        {
            "tag": "A1",
            "a1": 8
        },
        {
            "tag": "A1",
            "a1": 2
        },
        {
            "tag": "A1",
            "a1": 10
        },
        {
            "tag": "A1",
            "a1": -22
        },
        {
            "tag": "A1",
            "a1": 3
        },
        {
            "tag": "A1",
            "a1": -17
        },
        {
            "tag": "A1",
            "a1": -27
        },
        {
            "tag": "A1",
            "a1": -2
        }
    ]
}