{
    "seed": 8822687344553515937,
    "samples": [
        [
            -30,
            2
        ],
        [
            8,
            -3
        ],
        [
            8,
            25
        ],
        [
            -7,
            20
        ],
        [
            7,
            26
        ],
        [
            -25,
            -12
        ],
        [
            13,
            8
        ],
        [
            -25,
            4
        ],
        [
            -24,
            28
        ],
        [
            13,
            0
        ]
    ]
}