{
    "seed": 8067707645285678060,
    "samples": [
        "Update",
        "Update",
        "Update",
        "Update",
        "Update",
        "Update",
        "Update",
        "Update",
        "Update",
        "Update"
    ]
}