{
    "seed": 7864874795981679566,
    "samples": [
        {
            "name": "¾èCb\u0000/n®KEù±m\t14AA\u0017",
            "id": -8
        },
        {
            "name": "RÚ",
            "id": -24
        },
        {
            "name": "c",
            "id": 29
        },
        {
            "name": "c)tÞuj¿áP]c®N",
            "id": -27
        },
        {
            "name": "ã\u001b5O¶wtÉw`)\rpD~",
            "id": 17
        },
        {
            "name": "\u0008j§*bl*k5bb\u0003§ÆR>0\u0012=15Jw(z¤",
            "id": -3
        },
        {
            "name": "\u0012\u0013W|\u000b,á~1",
            "id": -20
        },
        {
            "name": "1s\u001eLS+þB´\u0010³\u0014;Zk4\u0000<Hø",
            "id": -24
        },
        {
            "name": "",
            "id": 14
        },
        {
            "name": "·-\u0004;[|KË\u0016`[",
            "id": -9
        }
    ]
}