{
    "seed": 2639822887592313113,
    "samples": [
        "򣟂d\u0014FTkez{隆0I򮾤\u0004󭎋\u0018\t;",
        "m\u0015:🃩򐓕\u0017Y񵖶c𱬟\u0004{f*񲑚𹕆r]2𲩲󁡲񝼊",
        "\u001a\u0019򂓘'1R\u000e2<{\u0018S񠬹񑍳T$ \u0000($\u0019+",
        "'𞵖E9\u000fZ\u0016u7-yv\u0011󯉙􂱼:r\u0017\u0006Uw󗤘\n\u0003K󊿘L",
        "󡟙D\u000f",
        "󏝅\u0003f s󗘴&",
        "򾭴- /)󡪆\u0015򫝨Sg2ewHy󻣡+\n,\u0004T9T&r",
        "񍄐{\u0015+󅠟󉲄",
        "􏐎𰬛0gMu 򆉄",
        "q#\u0003\nkU場񠇙\u001b/$\u0019x?킆ZD\u0007\u00184V;򨘯񚙙\u0006$򡈃Y",
        "\u0017I񒕗􎂰:\u0007!\u0016-𴕮s\u001c!\u000b",
        "J󂙾\u0019/Chs(py\u0008􄋿󨪯",
        "qF/SE\u0016\u0005e$,\rJ\u00007_7𧗘񊖺uG\u0019\u00081\u0014OX􈌲!",
        "I",
        "Q8B\u0013J{/񴕏\u0007$󕌷𾤎\u001fw\u0012b\u000f6񜧺𿠜q",
        ".X\u00081\u0006TU",
        "􍖙򅦈",
        "􇛲\u0019v󃁗󫭑𻪲񒍷y,",
        "򙗉񨪮󷝔XGg6?.aZr񔋓\u0001\\󞛐j񒂒n󿩳󘯙\u0012\u0018\u0019\t(󒯯\\󀝴p",
        "&R􇋣8\u0010󄦕񩿝򧅉򔔦;`42츭񛥪\u0014\u0016 \u0016񾼧d\u0015",
        "񵒌EJ`=򍿸\t9\u000e񕩽\u0010h,\u000f`Pᶇh񢈇򿟱q򾦾񗔾y𨘞򜳐񤸚",
        "g/h\u0006P\u00179B8񂀉[񙶪m񤶚",
        "/\n`\u0017\u0004󽕁V񰹼/#/:\u0015~񚳒^X~\u0006󣐉kv󫃜9",
        "􀩓S󘯖:\u001a,\u000e񆄄B񡧢ገO󬔪s𹷅i򇸭!#~\t4`RMG\u0013{",
        "𫼺𡛈\u001b7c<鞺]-i^읐廷\u0010:H",
        "i&򤢟x\u0006#\u0012󽀆1Z[w󂃭v6(\u0017p\u001e",
        "[7򣙩\u0001󟏁=uJx\u001fl\u0007\u0013/\u001am󾹻񔞃9񆔹'򵕓𗇌󝁫U",
        "zQ1=\u0017\u0015Jt󲥧\u0012UG",
        "\u001b x$\u00083N\u0002",
        "*,\u00187򌟴JB|Q^",
        "O\nt\u000b",
        "5 g2\u00132",
        "򺓔3󨖭M<\\[7𢴢L\u0010i2.",
        "5/\u0014",
        "B\n򤝶6񢊈񌽄t\u0005򛬃𒂤⸝jgn=;&|\tf󜥼\u001d󛲇\u001d;򿃆",
        "򣞢~",
        "\u0011mq𕿟!PU\n;񡟃\u0018\u0016@򢆐B5",
        "򩲴m\\$v􀑛TC򪇻`PY\u0018񈵛\u0004T囑򮻞e\u001bhU󟚄?L]",
        "\\\u0011\u0002^H񪺠f!\"6A󜆨򙆖\u0016G-񢳙㈝\u0019Bv􅋘[\u0004z\u001b񋂻\u001b",
        "𫠧W\u001e?\u000b4q󬨸!t򿢃1񂘝\u0003\u001a4i􎳶N$sEbC}9",
        "𕍒d𮱩RA[\u0010{b1",
        "A[\u0016q󷥺o𢌋B\u0010kN󟦪\u001e񨈙\u001a񌅩𔭹nwb6z񁐛񠏕R\u001cI嘔\t\u0005",
        "h􈯇",
        " ,=igdHg\u0000t)\u0008<C󓓻hF\u001eTk򊑙3/򍋖",
        "1\u0014n>oU󑐠dfkm6F􂭠S\u0012",
        "𛲿󶁗`򟾲𓃖󫟤2f\u001eOWir󋽎\u0013\u0008B&\u0015񿳨\"򧩖\t\u000bP\u0017k",
        "󤅇\u0000o񠏙ImZ\u001a򔠉\u0016xiO#pw\t&\u0014𳂙\n󏸾",
        "IhY+\u0012򍑴y(7vg;󣵚]\u0002􌢳<e\u0002",
        "$W7q򛴔𦰨𔂑",
        "𲉍\u0004,C\u0006F#`>x񼉺G6",
        "/k\u000c񈘩A񒚀c",
        "򼪪6\u0017<BBrh𶌤\u001fDk/",
        "𛟚\u000e|󍺤\u0016M\u00168-\u000f|^\u0012\u0013",
        "d*\u0013",
        "Jf5󌲅M}򞭥񒯗񾵻S𶏵\u001f򀽄\u0000󡚻\u000b@U1bJ󝟆l\u0003󘓲\u0002*󧌍0J",
        "\u0016\u0017o@𩆽",
        "aYD\u000e󎻘",
        "_qB'\u0007꿖C1\u001dVrK񊓍񱍮𴕄%",
        "񮘰NJ򵅐󤨪O^\u0006S򌫞T\u000f'qk!(Y󤛏@`2𡀢",
        "\u0007g\u0007o[\u000e񆣧\u0012_򶨇X\u0008|󉛫m󬔱񼔋򽻗F\u001e!=8\u0013a)HN􄔔d",
        "R}򐅲bJ𝸮v󒕔'񨨘G\u0018P\u000e򮇋\u0013\u001f\u0019𧽍 󞸸\"\u000e+",
        ";\u001c󚱀2}\u0017򉃎J!'󔻧",
        "򊝊򨢩4򼕆l]b\u000e𜿇\u0012򪿃.򿅧򐻂񌠵7P𣐋\tNRM\u0010>",
        "+",
        "IE󁰷񓰧cC",
        "\u0007",
        "񂛻8\"u򒡞F\u0010\u000c8\u0018[񫪈5\nQ-򰍍",
        "",
        "\u0014D\u00182 󄏠sv񣛓\u0016",
        "W󱺭2$\u0006;6OC𛪀.\u0014\u0003󀻦~jCW\u000c𛡕k8񹏶T6",
        "񛇑\u001c*eUBw𤓴R󭱩",
        "",
        "񔯔F<\u0005\u0000",
        "󾩫j\u0007򺆘P",
        "\u001f\r6\u0007\u0006󃱏O񇒽.򫛹򒖠r\u0001O򤁓",
        "BD񲭌z:0񽤟U\u0005au𐬶󮲜",
        "4`j",
        "a\u0001",
        "cQ{%yH",
        "",
        "𿥎\u0001󨂎\u0002󅗂Qc򸄧uWq󷴫񱕾v튄*𛩹𠱢7\u0007\u0008",
        "8bS%񛤥5\u001f􏡧e<D\u0008Av𒌮\u0012񶰳!𾫞𰸑j񡋀",
        "𦈨\u0010\u0001K\u0002N񖸁𦎉\tc㾁8RSxM9\u0012𛍒t\u000bP,𫰨񖒔d",
        "\u000f\u0005N7񁟒􀊸S\u000c襉򄜋\u0013铒,򝵓}W񳊣\u0015\u000f󫞒uU왥񑹮u/𛋹",
        "\u0018򼭕hH\n񜃈󙈸>T\u0017󐱑񢻹𪯺󑉪}!󶻅,2値n{=",
        "`s򰴢\r[\\>)\u001c둪\u0012\u0006\u0016\u0004x򌣠[\u0007",
        "(񲠶:8",
        "𖇅x^&%1󴋘:\u000c",
        "3\u001a<0k\u0004f",
        "\t񗁻$򾹩񩔎\u0013꒲w-񘿪󨜓1󷋜\u0015AnL)\r*",
        "󗫘[\r\u0004V\u0013H!C\r*_*\u0007􂀶_%󄇉\u001bV\u0004z",
        "\u000cd򹮛󩖯:v(\u000c򱴐T𞇬\u001a\u0000",
        "\u0018Z󺖐\u0006\u0006\u0006f⮩񳲭#CU󑽹k򯐆9m\u0000\u0011sbN\u0008𼨖󄾐񳳙\u0007򪇟M^",
        "Z5=񷲄\u00031\u001fs\u000fYa\rHd\u001a",
        "񏪀\u000c!'I",
        "𴌇򏗰K6\u0000\u0010=u\u0008J򡗁𲼇I\"=򠄿{\u001f\u0001Y򑅗_7%K",
        "\u0014\u001b򁞄M\u0001)80\u001f\u000f[@0o=",
        "𹶇[𤩱񲸒Xc󰩼3􍢹Z`P+\u0001%nb[1",
        "*\u001f$3🂆,.򟜮\u0010",
        "o\u000e0$\u0005Xd𫬖0\u000b"
    ]
}