{
    "seed": -1338233181549815132,
    "samples": [
        {
            "taxId": "h\u0010+",
            "owner": {
                "name": null,
                "id": 12
            },
            "companyVehicle": {
                "year": 21,
                "model": "CEh¢e",
                "make": "\u0011\u0000Ed"
            },
            "employees": [
                {
                    "name": ")\u0014MNX \u0010ó6ÎVnu\u000e]S\t*­àï5",
                    "id": -14
                },
                {
                    "name": "*\u0002\u0018)¾$÷\u0001\rØ\u000c",
                    "id": 26
                },
                {
                    "name": "é2gO}E\u001dÂ\u001fN\u000b\u001b\u000b¶°à¨#z² xt¸\u001b\u0013è",
                    "id": -12
                },
                {
                    "name": null,
                    "id": -27
                },
                {
                    "name": "[\u0001G\u0014oêvG\u0007!j!1k",
                    "id": -17
                },
                {
                    "name": "ai¾Í¨<\u0014#×\u0007U\rs:B®B\u0015\u0008ÚãG",
                    "id": 0
                },
                {
                    "name": "§%\u0018ä4âGd",
                    "id": 28
                },
                {
                    "name": null,
                    "id": 28
                },
                {
                    "name": "S\u0015On\\H",
                    "id": 9
                },
                {
                    "name": "Q%=\u0013D\u0010lp\u0019#\u0004!¼ö",
                    "id": 3
                },
                {
                    "name": null,
                    "id": 20
                },
                {
                    "name": null,
                    "id": -18
                }
            ]
        },
        {
            "taxId": "N{",
            "owner": {
                "name": "\u000e}Is~k\u0002X\u000f&dÓà8W\u000bl»7",
                "id": 5
            },
            "companyVehicle": {
                "year": 23,
                "model": "\u000fbxÿMUF4\"'Ø\u0003)5w",
                "make": "52b\u0013>f9KAPÌW\u0014LjK\u0004"
            },
            "employees": [
                {
                    "name": "\u0003O\u0001£ ±\u0003\u0002Ô",
                    "id": 23
                },
                {
                    "name": null,
                    "id": -29
                },
                {
                    "name": null,
                    "id": -10
                },
                {
                    "name": "H³e\u000f*NhP{n\u0013",
                    "id": -16
                },
                {
                    "name": "!0#\u0000já\u0002",
                    "id": 1
                },
                {
                    "name": null,
                    "id": -10
                },
                {
                    "name": "Sl\u001bíÒ\u0008\u001b}\r¼U",
                    "id": 25
                },
                {
                    "name": "\n",
                    "id": 16
                },
                {
                    "name": "\u0007R6",
                    "id": 23
                },
                {
                    "name": "Ô'i9j6ÃkèÛf'Ãóâ\r\u0018",
                    "id": 9
                },
                {
                    "name": "P\u0017 ^;ê\u000eä\u0008\u0016qdN\u0018PÅo\u0015þxSUKD,\u000býûA",
                    "id": 23
                },
                {
                    "name": null,
                    "id": -18
                },
                {
                    "name": "&Ý>}\nV\u0005_,d ¶)\"V©!aUlhÇ",
                    "id": 13
                },
                {
                    "name": "v\n\u001dÙ!I\u0002-d\u001e¡é+Î>\r¼J\u0014ý!f\u001bp&S\u0002",
                    "id": -16
                },
                {
                    "name": "\u000em6t}}l½LQn,\\L\u001d$!sØå0Ge",
                    "id": -13
                },
                {
                    "name": "ò5§\u0002\u000bQÖZ_U\u000f",
                    "id": 19
                },
                {
                    "name": "Hy½Fo×m³\u00109\u0010",
                    "id": -10
                },
                {
                    "name": "*mg\u001cJ~§>\u0002êöC?ÉB~Dk",
                    "id": -20
                },
                {
                    "name": "rzXOq.\u0018\u0015¥þ~zDæÃdØ\u0013r\u001aÖQ(e\u0007\u001d\u0019",
                    "id": -9
                },
                {
                    "name": "e\u000bº&4,h~\\$v'\u0001Àz\r  Lm\u001bèEÉ\"\tM",
                    "id": -6
                },
                {
                    "name": null,
                    "id": -19
                }
            ]
        },
        {
            "taxId": "\u0008_0]x×w\u0007à§",
            "owner": {
                "name": "|S\\\u0015\u0015}r",
                "id": 2
            },
            "companyVehicle": {
                "year": 20,
                "model": "\n\u001e\u0019\rM0\u0006Y\u001f^w<X\u000f`oo(°m\u001ck9¯p",
                "make": "Öú8\u0000è8t·\u0018&»yLèf\u000feCS"
            },
            "employees": [
                {
                    "name": null,
                    "id": -4
                },
                {
                    "name": null,
                    "id": 19
                },
                {
                    "name": "\u000beÜD\u000c{G\u001bÃP\t>t~\u001aªI\u0013çäcèFo2rÎâ$",
                    "id": -3
                },
                {
                    "name": "G\u0018U³M\u0014²oß?D®é8t'6\u000f\u000c@fí|\u0016\ndSC",
                    "id": -12
                },
                {
                    "name": "@c\\)L\u0013÷m",
                    "id": 22
                },
                {
                    "name": "Ç/[?N´\u0016",
                    "id": -25
                },
                {
                    "name": "\u0012\u0018^Ê¥6ñ\u001c`o",
                    "id": -3
                },
                {
                    "name": "§",
                    "id": 9
                },
                {
                    "name": null,
                    "id": 2
                },
                {
                    "name": "²óà¹?fWMCi\u0001\u00018\u000f»eÓ\u0010",
                    "id": -4
                },
                {
                    "name": "Ô!»\t,y8\u0010kùo\u001b/E\\2[~:-µ³è(±\u001a",
                    "id": -21
                },
                {
                    "name": "xn/ñt\u0018h\u0012k=\u000e4ÎÜ\u001c(>(\u000e\u000b\"x",
                    "id": -27
                },
                {
                    "name": null,
                    "id": 6
                },
                {
                    "name": "»\u0018\u0016\u0016E}¡º\u000b\u0019\u0013G\u0002\u000bU\u001a|\u0015¿|*:\u0004\u0010¤",
                    "id": -18
                },
                {
                    "name": "\u0000\u0002:ÃÈÄ\u001e",
                    "id": 12
                },
                {
                    "name": "N²",
                    "id": -17
                },
                {
                    "name": null,
                    "id": -9
                },
                {
                    "name": "/toy`cD.\u0003T6\u0017(oqxv¦%.Ò<O\n;)wk¥",
                    "id": 27
                },
                {
                    "name": null,
                    "id": -12
                },
                {
                    "name": "!=\tlªXO;N\u0006w\u0012z;u",
                    "id": -5
                },
                {
                    "name": "ge\u001c5N$Ý",
                    "id": 7
                },
                {
                    "name": "1=G\u0019,",
                    "id": 28
                },
                {
                    "name": "á\u0005(j\u000bI¸1ÇDeT",
                    "id": -11
                },
                {
                    "name": "z\u001b}\u0014\u0013",
                    "id": 21
                },
                {
                    "name": "\u0000÷ .|¨O@ªæ\u001943>c1\u0019ºazLh5HØ",
                    "id": -8
                },
                {
                    "name": "þm\u000bI.Sxî\u0004à2'\u0001xÒë\u0000²F/kÏ",
                    "id": 15
                },
                {
                    "name": "®\u0005w",
                    "id": 14
                },
                {
                    "name": ":<\u000e\u0014²6îmø",
                    "id": 30
                },
                {
                    "name": ">\u001cD3±IÍ(\tO}\u0000",
                    "id": -17
                }
            ]
        },
        {
            "taxId": "\rÉì\u001f-sf3K=",
            "owner": {
                "name": "nké¾\u000f}ea$\r¬a2k<vø_Æ=Õ\u0010S_ì^G\u0017\u0017",
                "id": 21
            },
            "companyVehicle": {
                "year": -28,
                "model": "]\u0019\u0015Ðµ6}m|\u001b\u0007y\u0002f4K>'\u0002!\u0005<\u0015\u001bÚMíÕá",
                "make": "\u0011;,\rxS{\u001f÷f1u3\n-f\u0014A>pTv³j*nP\n>"
            },
            "employees": [
                {
                    "name": null,
                    "id": -6
                },
                {
                    "name": null,
                    "id": 21
                },
                {
                    "name": "K",
                    "id": -18
                },
                {
                    "name": "\u001b\u0005¦?wÒP\u001cÊ!Ù&?U¡w\u0006F",
                    "id": 28
                },
                {
                    "name": "\"mgn¬\u0016\u0016Fl3uj`\u0011_2+\u0010;7]Dê=\r5",
                    "id": 22
                },
                {
                    "name": "¿\u0011M",
                    "id": -3
                },
                {
                    "name": "&,ÝS\u0004_{N^{¯3\u0001ÎQf\n\u000fÎÆ}",
                    "id": 17
                },
                {
                    "name": "ØVÃ{4S\u0005ot#K\u0016<t2=ßw5L",
                    "id": -18
                },
                {
                    "name": null,
                    "id": 25
                },
                {
                    "name": "S\r\u0018s>\u000c\u0006ó\u001b\u0005eëËrm#l",
                    "id": -2
                },
                {
                    "name": "qsWÎ",
                    "id": -1
                },
                {
                    "name": "-W\u001fÐá\u0000%/n\u000b\u000617v;T\u0007y\u0017¥¶Ck½Éy",
                    "id": -26
                },
                {
                    "name": null,
                    "id": -12
                },
                {
                    "name": "tMÊ\u00166Þ\u0003×AR\u0007lÒ¨$7,\u0015",
                    "id": -14
                },
                {
                    "name": "W;\u000c\u000eA8W\u001aÿ\u000e\u0015æ# yßXA\"Ü\u0006g",
                    "id": -16
                },
                {
                    "name": "Íeak«\u000ep$U\u000b#êÇ'\u001fõ-\u000f",
                    "id": -1
                }
            ]
        },
        {
            "taxId": "i;v­\u001d\u0013÷}QK]&iÁù½\u0003\u0018",
            "owner": {
                "name": null,
                "id": 16
            },
            "companyVehicle": {
                "year": 15,
                "model": "pe\ttè­",
                "make": "`A\u0004)úk\u001ea"
            },
            "employees": [
                {
                    "name": "I-\u000cX#z",
                    "id": -18
                },
                {
                    "name": null,
                    "id": -26
                },
                {
                    "name": "vÎAG©L\u0016",
                    "id": -16
                },
                {
                    "name": "5\u0015|ªvºQô\u0005N\u0006-BKp",
                    "id": -26
                },
                {
                    "name": "F×ÈF&.6\u000c¸5>c\u000e\u0005Ô\u001e[¿>\u0010%T+F}",
                    "id": 23
                },
                {
                    "name": "`6aN{\u0006'\u001d",
                    "id": 3
                },
                {
                    "name": "y\u000fN\u0018(/\u001etdå(/`Tq\u000fÖ\u001aî\u0008\u001a",
                    "id": 21
                },
                {
                    "name": "",
                    "id": -27
                },
                {
                    "name": "v\u0004_P.bfß4Zt!O%½¸\u0002Á-Vç",
                    "id": 15
                },
                {
                    "name": "$Úu]2",
                    "id": -9
                },
                {
                    "name": "\u0015\u001f<\u000b\tÄdzj2ûGd3C\u0003Â<=Mh¬(;",
                    "id": 14
                },
                {
                    "name": "')oo­\u001a\u0018\u00017!:d·0<;p2\u0008\u000f=·`Á2b\u001c",
                    "id": 24
                },
                {
                    "name": "HáBeIFÍ\u001e9xå\u0011\u00137",
                    "id": 19
                },
                {
                    "name": "@U",
                    "id": 16
                }
            ]
        },
        {
            "taxId": "w\rÛwA¡ ",
            "owner": {
                "name": "§\u0006±C\u000f^¹\u0000\u0017\u0013Î+¥%_¼¦{¥xS\u0016\u0015ß\u0000[",
                "id": 0
            },
            "companyVehicle": null,
            "employees": [
                {
                    "name": "rI,ûi.ùifC&\u0000z\u001a",
                    "id": 15
                },
                {
                    "name": "\nZ¶\u0008£76j1\u0016{4&",
                    "id": -4
                },
                {
                    "name": "k\u0015«N\u000b=i4,'\u0011T",
                    "id": 8
                },
                {
                    "name": "\u001f R )?FNJp/o\u0005ÆÆ\u000b4&Ù<´>k4å",
                    "id": -13
                },
                {
                    "name": "Ë\u001a®aìVÚC\u000cT<9U\u0014ÃIjhj½À\u0001",
                    "id": -4
                },
                {
                    "name": null,
                    "id": 16
                },
                {
                    "name": null,
                    "id": 7
                },
                {
                    "name": "\\À W(¦f\u001d!oÏ~'g\u0014)\u0001\u0012`[y\u000f",
                    "id": 8
                },
                {
                    "name": "Uý",
                    "id": 21
                },
                {
                    "name": "V\u001dÝ]\u001c\u000c\\",
                    "id": -21
                },
                {
                    "name": "­Y.;\u001fPk&Fq¯{",
                    "id": -21
                },
                {
                    "name": "¦ÆãjU8O\u0012\u0012\u0013=\u0005Ï\u001c6ïY´É",
                    "id": -19
                },
                {
                    "name": "Q\u001bn\u00127FOÉ`­·h",
                    "id": 18
                },
                {
                    "name": "ÜVÈùÊsì¿R\t",
                    "id": -16
                },
                {
                    "name": "z®&<¡kJey T);H*ã=XI,ÝM",
                    "id": 9
                },
                {
                    "name": "/_#\u001eüâ\u0012\u0005zÔ'®Ìó{JL",
                    "id": -24
                },
                {
                    "name": "\u0014¥n\u0017Éü+15È2Ü\"\nLÕ\u0001",
                    "id": 4
                },
                {
                    "name": "Çä_>no|ñjB\u0017l6jm\u0002-¿p(",
                    "id": -6
                },
                {
                    "name": "vlezßÊ\u00138ã",
                    "id": -26
                },
                {
                    "name": "û\u001a'¦WQX,Å¼",
                    "id": -26
                },
                {
                    "name": "0ð!&SOQ\u0011j·ý",
                    "id": -15
                },
                {
                    "name": "¬t\n@/\u0019CDT\u001e9).\u00023N­:,J¼mã\u001d*",
                    "id": 15
                },
                {
                    "name": "`1%HIbR²",
                    "id": -12
                },
                {
                    "name": null,
                    "id": 24
                },
                {
                    "name": "\u001aM\t°~%M`MEá\u0011 M~èã5n\\7\u0015.\u0008^5rF",
                    "id": 18
                },
                {
                    "name": "0\\,_\u0008NY\nS\u0004nY BË,94^9",
                    "id": -14
                },
                {
                    "name": null,
                    "id": 13
                },
                {
                    "name": "",
                    "id": 22
                },
                {
                    "name": "\u0004)\u001cá2\u0015Fî-\u0003Oû~ø7\u0001",
                    "id": -16
                }
            ]
        },
        {
            "taxId": "u`3`[\u0016\u00054\u000b",
            "owner": {
                "name": "njk|L\u001dfî|3p2W\u0004¹=}\n\u001bF\u0004\u0016ä",
                "id": -30
            },
            "companyVehicle": {
                "year": -13,
                "model": "G=",
                "make": "$Fc®68ënaaeWèVm\u0016\":\u0010ãæÙ\u00169*p"
            },
            "employees": [
                {
                    "name": "\u0004;",
                    "id": -4
                },
                {
                    "name": "|",
                    "id": -6
                },
                {
                    "name": null,
                    "id": 26
                },
                {
                    "name": "625r½;üRB]#Nl",
                    "id": -5
                },
                {
                    "name": "p-\u0011 Õ0@/[f\u0018]'s[Kq9g\u0004S+®\u000c\u0010'",
                    "id": 16
                },
                {
                    "name": null,
                    "id": -28
                },
                {
                    "name": "^cSJ\u001ckHFu\u001c@Á-Wô|R\u000f^\u001dôgÕc",
                    "id": -8
                },
                {
                    "name": null,
                    "id": 18
                },
                {
                    "name": "ö|Gê~\nyT\\\r9_Y¨½\u001d\u0001v\u001c,r\u0010÷&%\u0011",
                    "id": 5
                },
                {
                    "name": "g\u0014\u0008\u001c¤ò¬<Î\u00056\u0013ëÉ\n-\"[)@-D\u001fü",
                    "id": -20
                },
                {
                    "name": "1x\tv,æ\u001a",
                    "id": -3
                },
                {
                    "name": "9\\)fð\u000e\u000e§LlXÌyàõbÑ \u001fN\u0002E3",
                    "id": 16
                }
            ]
        },
        {
            "taxId": "\u000b",
            "owner": {
                "name": null,
                "id": -21
            },
            "companyVehicle": {
                "year": -9,
                "model": "{×\u0006<0\u001aöW_j",
                "make": "îQôÉÎ\u0000+5-6Ä=F0\u0008N\u000c4åR*Vl"
            },
            "employees": [
                {
                    "name": "Ù%l",
                    "id": -1
                },
                {
                    "name": "±ctbê[",
                    "id": -8
                },
                {
                    "name": "\u0010YÉW\"qL\"·!;Q",
                    "id": -21
                },
                {
                    "name": "ú\u0013pO+¦ìd/\u0001¹o0M\u000fûý.GnáE",
                    "id": -6
                },
                {
                    "name": "Ä$v\u001dCD:}Dè\u0013[1^ûä&Dh|\u0002a\u0001u",
                    "id": -1
                },
                {
                    "name": null,
                    "id": -12
                },
                {
                    "name": "ajÜQ%[x9Ù\u0014a5&Vçh2<çàaíSÆ4",
                    "id": 16
                },
                {
                    "name": null,
                    "id": 3
                }
            ]
        },
        {
            "taxId": "%*Ø\u001c\nÉkËDDdeRW};#R§ðÃ#X2",
            "owner": {
                "name": "H¢K\u0003³9©\u00178C\u0004%\u0002Fk",
                "id": 22
            },
            "companyVehicle": {
                "year": 22,
                "model": "¿RÃ;\u0013bLàIg\u001ei;3\u0003<m%+4",
                "make": "Y\u0019A\u000c¶f"
            },
            "employees": [
                {
                    "name": null,
                    "id": -3
                },
                {
                    "name": "\u001d.",
                    "id": -13
                },
                {
                    "name": null,
                    "id": 7
                }
            ]
        },
        {
            "taxId": "\n",
            "owner": {
                "name": "",
                "id": 28
            },
            "companyVehicle": {
                "year": 22,
                "model": "cZ0e7RT,\u000cÂÞr6¢j\u0003hÀzJ",
                "make": "O"
            },
            "employees": [
                {
                    "name": "#\n\u0015h\u001ai\u001ee\u0010\u0006ì\u0019\u0016",
                    "id": -21
                },
                {
                    "name": "ã6t ìºÐ6Ö1PvÙC)Krù",
                    "id": 8
                },
                {
                    "name": "\tE\u0005k\u0007\u000f´\u0018eQâ\u0010o<T¯?ë5iôCG",
                    "id": 23
                },
                {
                    "name": "(Î¯LÁ·7YW\"½CucfÜN",
                    "id": 5
                },
                {
                    "name": "\u0003!ñ",
                    "id": -30
                },
                {
                    "name": "G7©¸\u0005EE'J",
                    "id": -28
                },
                {
                    "name": "\u0019ç£O¹Ã\u0018qÖ!yÕ'8\u0018\u001d©d£\u001e¤¸U",
                    "id": -18
                },
                {
                    "name": "^0b%\\~6~.2",
                    "id": 30
                },
                {
                    "name": null,
                    "id": 19
                },
                {
                    "name": "b",
                    "id": -9
                },
                {
                    "name": "sÆxZLP?\u001c ;kqà",
                    "id": -23
                },
                {
                    "name": ";Ko\u001eSÎÑS[{`=uá1q]±",
                    "id": -19
                },
                {
                    "name": "WF.Ue:9^",
                    "id": 5
                },
                {
                    "name": "R\u001eéV;âÓY",
                    "id": 17
                },
                {
                    "name": "8\t\u0001=|A\u0002\u001aód#.\u001d|Dx\u000c\u000b\ne",
                    "id": 13
                },
                {
                    "name": "´\u0010µî",
                    "id": -19
                },
                {
                    "name": null,
                    "id": 23
                },
                {
                    "name": "F4d)\t*yc\u001ar\u0017\u001a#[+\u0003n \u0012Y",
                    "id": 6
                },
                {
                    "name": "1",
                    "id": -30
                },
                {
                    "name": null,
                    "id": -27
                },
                {
                    "name": "\rßq",
                    "id": -21
                },
                {
                    "name": "QÉ*\u0016ò(òhbâo=ü\u0012\u0013\u000e¦é+\"×\u0016\u0000",
                    "id": 20
                },
                {
                    "name": null,
                    "id": 18
                },
                {
                    "name": "\nRUo;e{-27",
                    "id": -19
                }
            ]
        }
    ]
}