{
    "seed": 7595868117166659791,
    "samples": [
        {
            "listA": [
                [],
                []
            ],
            "maybeB": [],
            "tupleC": [
                [],
                []
            ]
        },
        {
            "listA": [
                [],
                [],
                [],
                [],
                [],
                [],
                [],
                [],
                [],
                [],
                [],
                [],
                [],
                [],
                [],
                [],
                [],
                [],
                []
            ],
            "maybeB": [],
            "tupleC": [
                [],
                []
            ]
        },
        {
            "listA": [
                [],
                [],
                [],
                [],
                [],
                [],
                [],
                [],
                [],
                [],
                [],
                [],
                [],
                [],
                [],
                [],
                [],
                [],
                [],
                [],
                []
            ],
            "maybeB": null,
            "tupleC": [
                [],
                []
            ]
        },
        {
            "listA": [
                [],
                [],
                [],
                []
            ],
            "maybeB": [],
            "tupleC": [
                [],
                []
            ]
        },
        {
            "listA": [
                []
            ],
            "maybeB": [],
            "tupleC": [
                [],
                []
            ]
        },
        {
            "listA": [
                [],
                [],
                [],
                [],
                [],
                [],
                [],
                [],
                [],
                [],
                [],
                [],
                [],
                []
            ],
            "maybeB": null,
            "tupleC": [
                [],
                []
            ]
        },
        {
            "listA": [
                [],
                [],
                [],
                [],
                [],
                [],
                [],
                [],
                [],
                [],
                [],
                [],
                [],
                [],
                [],
                [],
                [],
                [],
                [],
                [],
                [],
                []
            ],
            "maybeB": [],
            "tupleC": [
                [],
                []
            ]
        },
        {
            "listA": [
                [],
                [],
                [],
                [],
                [],
                [],
                [],
                [],
                [],
                [],
                [],
                [],
                [],
                [],
                [],
                [],
                [],
                [],
                [],
                [],
                [],
                [],
                [],
                [],
                [],
                [],
                []
            ],
            "maybeB": [],
            "tupleC": [
                [],
                []
            ]
        },
        {
            "listA": [
                [],
                []
            ],
            "maybeB": null,
            "tupleC": [
                [],
                []
            ]
        },
        {
            "listA": [
                [],
                [],
                [],
                [],
                [],
                [],
                [],
                [],
                [],
                [],
                [],
                [],
                [],
                [],
                [],
                [],
                [],
                [],
                [],
                [],
                [],
                []
            ],
            "maybeB": null,
            "tupleC": [
                [],
                []
            ]
        }
    ]
}