{
    "seed": -3579897180730648561,
    "samples": [
        {
            "editedOn": "",
            "originalId": "\u0006\"내\u0001񵦓~3𪐜񟷋\u00182\u0017f\u0016\u0011\u0005S6\t",
            "auditModel": {
                "userIdent": "$pJ\u0007R7\u00100AjSzcWm6\n񪽍dU%󜳹X>/󴞂@1",
                "userPassword": "󈿑=2",
                "userTimezone": "􍮨cVp>_􀵼/\n󖭦𑜿񵔘\n>𳾾h|\u0002􆸩 1⨡󩛟w𧸾\u001c񘩋J["
            },
            "editedBy": "\u000e%a𝫳𨤹YC񱰴5!wsBV_\u001ez",
            "auditAction": "Create"
        },
        {
            "editedOn": "4i\u000b󶆺3b\u000b;ZM\"\r/󵷻􎥸\u0019񃚑𢤃\u0004򴁝6I򭤋\t򔺵z\u0017X~",
            "originalId": "c;r$𖈱D\u0001ᆥGHe=1𯘜<&\u0001򤓂񎌎\u0000\"\u001b\\󴷎[V",
            "auditModel": {
                "userIdent": "'V",
                "userPassword": null,
                "userTimezone": "7𢌚In^p6b"
            },
            "editedBy": "񯟼6籪L?\u0011P򊉿*`𝖹񩩳XpoH\u0001􈿎𮒑\u000cg匀'",
            "auditAction": "Create"
        },
        {
            "editedOn": "\u000b@*񀽐_b\u000e4\u0011\u0001􌌡xN$`L򬸞P񹻔\u0008)\u00035\"򂹃 ",
            "originalId": "H󃨔\u0011X󺷾\u0011",
            "auditModel": {
                "userIdent": "<\u001c􎠧󞅸p\u0001y󜦿3󺌡䡠\"*uqF[[iH}󨰀V𜳋\u0004",
                "userPassword": "(*򈢿kI\u0018Z򯩶CkO#򍼜󋑀",
                "userTimezone": "񴅨"
            },
            "editedBy": "񗀺B\u0000\u0003rEuE\u0014\u0005򌹟/򋧯;\\󗽒!>>?𛂻\u0008?\u0019X񍣣\u000f",
            "auditAction": "Update"
        },
        {
            "editedOn": "MA&x?򁴪\u0019\u001e񕉇!",
            "originalId": "H􈧠j\u00048%=􄺔",
            "auditModel": {
                "userIdent": "O9&B",
                "userPassword": "#\u000b\u0016􇗦x.q򂎧\u0014񫳘󆴳p𤀺bd\u001cD󽩌􈛶𤌬kJ=e`#󱣴h\u0003󒇀",
                "userTimezone": ".y\u0019\u0005󣐋󭢰T\\G(d󦚐󊈘}\u0018\"ykc\u001a%~򶐶\u00031i-"
            },
            "editedBy": "A򮘍",
            "auditAction": "Update"
        },
        {
            "editedOn": "&𒃿Jx!@􉘉\u0012򭑆󝐓򩂟\u001bsNSZL};D",
            "originalId": "5z\u0018%3Y<Fb'\u001c񰖃\u00151𱮆􍫖\u001d",
            "auditModel": {
                "userIdent": ".X0}E򬜙\u0014\u001f+\u001f7\n;|\u00076+F;򊬵󠶬\u0011񉊴",
                "userPassword": "P'xF(hTt\u001a5񴁹!𮨹h\u0006񑺍",
                "userTimezone": "򃑇P\u0019J[c@򷎧+􋟋'\u0001"
            },
            "editedBy": "򲰗󿫒\u0000:\u0006M%󒳷9%O<y񀝐E\u0015q\u0017@󶐁\t\u0018\"\u0003",
            "auditAction": "Update"
        },
        {
            "editedOn": "\u0018*򳖡G񬪣:Q񵄔𓋹f*\nL\u0003\u0019Y􋧞\u0018򿓠+򂵰 󻧘D",
            "originalId": "W}",
            "auditModel": {
                "userIdent": "oIQy甼񰢅\u0012|o󭣙F򗂏8W򃼧ANgH.G?",
                "userPassword": "VN\u0018<FY\u000c2]7\u0013dq(",
                "userTimezone": "BJ"
            },
            "editedBy": "𔃗\u001a~^󈹆c򘠑󼖟󮑡󯜸J懲挄\u0007JV\u0005`򪳝\u001d\u0012B]\u000e ",
            "auditAction": "Create"
        },
        {
            "editedOn": "襁u`F򅃯\u0018󒫘7񢾙r񱡮k:_󧢆T\u0004N",
            "originalId": "+X𣢲\u001b\u0006%dx5b\u0015󺙥\u0000𻑳7񢓠",
            "auditModel": {
                "userIdent": "㓏[#{󋭑+KWgV:\r\u0004_\u001bI񯶰",
                "userPassword": null,
                "userTimezone": "\t"
            },
            "editedBy": "r򡘖K򼕞^",
            "auditAction": "Update"
        },
        {
            "editedOn": "s4\u0010\r񚄨M\u001c\u0002#{bf򑽎JD\t\"󜮜񲛑𖋘\r3",
            "originalId": "𾋌uG񝪔E0A~*񺃤fA\n{W􊵙 Qw𨪓",
            "auditModel": {
                "userIdent": ",)33F𠝁0\u0018_[򀏈Jv𯒵&PHN򖀺",
                "userPassword": "`󠁾򼊨P󟐙w\u0013E%𻑲C8𒗗R𢉴\u0010|",
                "userTimezone": "\u00138񯻁"
            },
            "editedBy": "\r񻬍+7󳿗󄊕\u0005n\u000c\u0001d&E򃂔oG\nF(􂭀񹝌򽄁",
            "auditAction": "Delete"
        },
        {
            "editedOn": "qViP򜾗 :XnI\"}\u001c\u0014\u000c񨲃򎱼c𑣈\u001e",
            "originalId": "_\u000bqp񫪐񐁿򄹝𠻕\u0007U3\trlk\u0001򇺦󿈞M@l\u0003򍀇e񷮪qH񏔘",
            "auditModel": {
                "userIdent": "\u00109\u0017򈅭󮻴\\DKNP󔍧󌼛+\u0016\u0018򅒵[k򦢭\u0004Vഌ\u0011",
                "userPassword": ".\u001d/\u0007󩡸 \u001d唂櫓򻹸$(򉄏𒰇󦃽mZ\u0015\u0001\u0017Y񉾶#7[;󮛆\u000c?𖹐",
                "userTimezone": "񷂑Gi|\u000b\u001c0I񼌢\\"
            },
            "editedBy": "/\"-\ty񗽋𙰀\\<򮟞𨐨\u0011\u001cQ6𙚮e^򴓱",
            "auditAction": "Delete"
        },
        {
            "editedOn": ".d󡓽󑅓L\tp0\"\"\u0015S\u0004􀷷IQH0󋧁C",
            "originalId": "\u0008Kh𨓈񍌙f񀑑\u0012򭑊񁍣rJ񦣊f񪩙򅸪RZ媵jv\u0019",
            "auditModel": {
                "userIdent": "C􂊕brD\\񼅰",
                "userPassword": "}\u0005𥱔\u001f^򎼂'@𻥾&\u0004𯻥|@",
                "userTimezone": "\u00041S򾚨𥾃Xᆲ\u0008j󒌣\u0013'񈌡Q񤹚򐙻F\u001d򆳨񮧍󸲷s"
            },
            "editedBy": "\r\\\u001a󚻞h򯊯Dpg\u0017\u00144Neda\u0000(\u0008T\u0017\u0015",
            "auditAction": "Delete"
        }
    ]
}