{
    "seed": -1314531560627011960,
    "samples": [
        {
            "tag": "Error",
            "contents": []
        },
        {
            "tag": "Error",
            "contents": []
        },
        {
            "tag": "Error",
            "contents": []
        },
        {
            "tag": "Error",
            "contents": []
        },
        {
            "tag": "Error",
            "contents": []
        },
        {
            "tag": "Error",
            "contents": []
        },
        {
            "tag": "Error",
            "contents": []
        },
        {
            "tag": "Error",
            "contents": []
        },
        {
            "tag": "Error",
            "contents": []
        },
        {
            "tag": "Error",
            "contents": []
        }
    ]
}