{
    "seed": 273955459681079787,
    "samples": [
        {
            "tag": "Success",
            "contents": []
        },
        {
            "tag": "Success",
            "contents": []
        },
        {
            "tag": "Success",
            "contents": []
        },
        {
            "tag": "Success",
            "contents": []
        },
        {
            "tag": "Success",
            "contents": []
        },
        {
            "tag": "Success",
            "contents": []
        },
        {
            "tag": "Success",
            "contents": []
        },
        {
            "tag": "Success",
            "contents": []
        },
        {
            "tag": "Success",
            "contents": []
        },
        {
            "tag": "Success",
            "contents": []
        }
    ]
}