{
    "seed": 2249228713879519128,
    "samples": [
        {
            "ibA": 7,
            "ibS": "V2\u000c󇫢WPf",
            "ibX": 18
        },
        {
            "ibA": 29,
            "ibS": "JT򩃃j\u001dm,\u0015CL񏈂v$n=\u0008򦆳>𧶏S@pAl",
            "ibX": -13
        },
        {
            "ibA": 27,
            "ibS": "U",
            "ibX": -23
        },
        {
            "ibA": -4,
            "ibS": "-񓄙뻨$𸜑@:^񛰓\u0000𰍉N\nN",
            "ibX": -18
        },
        {
            "ibA": 22,
            "ibS": "\u0018,\u000b{%󏾶z򫠥<V\t򄳗M-\u0012K뾥b\u00119򠾊S+y󤜶𨨇",
            "ibX": 18
        },
        {
            "ibA": 26,
            "ibS": "䩦A\u0005\u0014n[)󁜕𾾾\u00190g,~q\u0004Jj\u001dp",
            "ibX": 16
        },
        {
            "ibA": 25,
            "ibS": "8?񞅁j󠕿^6𝦺\u001e*H񜁵𻊦5[i9VI\"2A󍁞^$|P񣨒",
            "ibX": -20
        },
        {
            "ibA": 15,
            "ibS": "򐤞~",
            "ibX": 22
        },
        {
            "ibA": -11,
            "ibS": "󫸒\u0016<R47񹄒{",
            "ibX": 12
        },
        {
            "ibA": 4,
            "ibS": "#y򝮀\u0002􅣶\u0005񷚀\u0019\u001a6K]񱍑k񩑾񘛯*\u001b5lM򊘔\u0000 [󳪝",
            "ibX": 0
        }
    ]
}