{
    "seed": 3274979294768835177,
    "samples": [
        {
            "tag": "HasMultipleInts",
            "contents": [
                -24,
                5
            ]
        },
        {
            "tag": "HasMultipleInts",
            "contents": [
                5,
                12
            ]
        },
        {
            "tag": "HasMultipleInts",
            "contents": [
                26,
                21
            ]
        },
        {
            "tag": "HasMultipleInts",
            "contents": [
                -12,
                -25
            ]
        },
        {
            "tag": "HasMultipleInts",
            "contents": [
                8,
                -21
            ]
        },
        {
            "tag": "HasMultipleInts",
            "contents": [
                16,
                8
            ]
        },
        {
            "tag": "HasMultipleInts",
            "contents": [
                -28,
                -24
            ]
        },
        {
            "tag": "HasMultipleInts",
            "contents": [
                29,
                19
            ]
        },
        {
            "tag": "HasMultipleInts",
            "contents": [
                19,
                8
            ]
        },
        {
            "tag": "HasMultipleInts",
            "contents": [
                0,
                24
            ]
        }
    ]
}