{
    "seed": -6648869781747021987,
    "samples": [
        {
            "tag": "HasMixed",
            "contents": [
                -11,
                ",\u001f\nE+EiÆæ6l\u0015:",
                46.687974733310284
            ]
        },
        {
            "tag": "HasMixed",
            "contents": [
                -16,
                "Â\u001eCS\u001bfÂ¨\u0013\u0015J\u0017Nq8kBj\u00162>\u0007y\u0001ZQ",
                -5.849059773549368
            ]
        },
        {
            "tag": "HasMixed",
            "contents": [
                29,
                "ôZ{7QB",
                11.458226380574734
            ]
        },
        {
            "tag": "HasMixed",
            "contents": [
                -10,
                "",
                46.91112728675777
            ]
        },
        {
            "tag": "HasMixed",
            "contents": [
                18,
                "755n0\r,ÈwäÊ}¬y\u0006hGúh©k\u0013Û",
                117.98038231323362
            ]
        },
        {
            "tag": "HasMixed",
            "contents": [
                3,
                "V\u000f3",
                119.72043585536515
            ]
        },
        {
            "tag": "HasMixed",
            "contents": [
                -14,
                "T8JliwQ.p",
                -700.5028438199678
            ]
        },
        {
            "tag": "HasMixed",
            "contents": [
                -4,
                "!\u00145@ÓL6à_",
                43.02160916266728
            ]
        },
        {
            "tag": "HasMixed",
            "contents": [
                10,
                "7\u0014uW\u0007",
                -56.53282894307236
            ]
        },
        {
            "tag": "HasMixed",
            "contents": [
                -8,
                "´|T?\u001e\u0019ú5\"{?\u001e",
                73.82611674250805
            ]
        }
    ]
}