{
    "seed": -1135875169984086649,
    "samples": [
        {
            "tag": "HasNameOrIdNumber",
            "contents": [
                {
                    "tag": "Name",
                    "contents": "\n񄉴<atbj"
                },
                -27
            ]
        },
        {
            "tag": "HasNameOrIdNumber",
            "contents": [
                {
                    "tag": "IdNumber",
                    "contents": 4
                },
                -30
            ]
        },
        {
            "tag": "HasNameOrIdNumber",
            "contents": [
                {
                    "tag": "Name",
                    "contents": "񊬄𲙢l\u0011\u0008r"
                },
                6
            ]
        },
        {
            "tag": "HasNameOrIdNumber",
            "contents": [
                {
                    "tag": "IdNumber",
                    "contents": 3
                },
                -17
            ]
        },
        {
            "tag": "HasNameOrIdNumber",
            "contents": [
                {
                    "tag": "IdNumber",
                    "contents": -11
                },
                -20
            ]
        },
        {
            "tag": "HasNameOrIdNumber",
            "contents": [
                {
                    "tag": "IdNumber",
                    "contents": 11
                },
                7
            ]
        },
        {
            "tag": "HasNameOrIdNumber",
            "contents": [
                {
                    "tag": "IdNumber",
                    "contents": 17
                },
                18
            ]
        },
        {
            "tag": "HasNameOrIdNumber",
            "contents": [
                {
                    "tag": "Name",
                    "contents": "𛵪?\u00186𿟣rV"
                },
                -15
            ]
        },
        {
            "tag": "HasNameOrIdNumber",
            "contents": [
                {
                    "tag": "Name",
                    "contents": "{"
                },
                22
            ]
        },
        {
            "tag": "HasNameOrIdNumber",
            "contents": [
                {
                    "tag": "Name",
                    "contents": "n@򔙯\u000e;v<DF2􂯾򚬜&,\u0006󂇽􍜺A\u001d񌋑AQ?"
                },
                -26
            ]
        }
    ]
}