{
    "seed": -3436731219885877759,
    "samples": [
        "Off",
        "Off",
        "Off",
        "Off",
        "Off",
        "Off",
        "Off",
        "Off",
        "Off",
        "Off"
    ]
}