{
    "seed": 5745497724141962655,
    "samples": [
        "On",
        "On",
        "On",
        "On",
        "On",
        "On",
        "On",
        "On",
        "On",
        "On"
    ]
}