{
    "seed": -2192394438092933528,
    "samples": [
        {
            "tag": "Name",
            "contents": "#Mm􍘼򁆬\u0019E=@CWa򋓽<\u001f\\򗶊Kv񍗆\u000f)\u001d\rUP󗽠\n\u000c"
        },
        {
            "tag": "Name",
            "contents": "𾣷\u0004\u001a\u001cS퐼5\u0016rd+\u0002"
        },
        {
            "tag": "Name",
            "contents": "1\u001d󿳡Z󶓝i*E_JW"
        },
        {
            "tag": "Name",
            "contents": "Km%zS\u0017\u0003𭎠=!^K"
        },
        {
            "tag": "Name",
            "contents": "#`B\u0007A󜑙񄚪@:6梅E󀮟\u001f`\u001a&fd򋱽"
        },
        {
            "tag": "Name",
            "contents": "QS򃼤WtN>pD\u0000tirW^\u00014󻛤񈒇\u001bO򟀯"
        },
        {
            "tag": "Name",
            "contents": "W\u0000\u0013k("
        },
        {
            "tag": "Name",
            "contents": "򯒴󜺃򀸣LAQ@g<󷃒|^󍕫򩈅\u0006!n(C"
        },
        {
            "tag": "Name",
            "contents": "􅍘0\u000b6&)YBX\u00142\u00116򨂗=󄰀C-\u0004􈒌񫑕񨥉\u0001:𖓡\u001frw"
        },
        {
            "tag": "Name",
            "contents": ""
        }
    ]
}