{
    "seed": -2665352252277541946,
    "samples": [
        {
            "choice": {
                "Left": "P*"
            }
        },
        {
            "choice": {
                "Right": -22
            }
        },
        {
            "choice": {
                "Left": "\u0004Ûü∞ßÛÑù±d+\\\u001aih2Û∏±§[3\u000e\u00033\\Vsl\u0013py?\u001cA\u0012"
            }
        },
        {
            "choice": {
                "Right": -13
            }
        },
        {
            "choice": {
                "Left": "1Ò•™™\u0004C"
            }
        },
        {
            "choice": {
                "Right": -10
            }
        },
        {
            "choice": {
                "Left": "zS\u001e\u0017\rw9\u0011Ûìæê\u000c>\u0019Ò©û¥Y\u001e[t'=u\u0017^ÛßÑîa,p"
            }
        },
        {
            "choice": {
                "Right": 12
            }
        },
        {
            "choice": {
                "Left": ",|B`][e\n@Ûô©än1[\rh\u0010\u0007Ûïõ∫"
            }
        },
        {
            "choice": {
                "Left": "W^\u001cªù∂Úâô©]ìã∑)UÒ©ûìh\u0013Ú®ßà+<E?\u0018M&?2óØï\r\u001c!"
            }
        }
    ]
}