{
    "seed": -4423301915760272990,
    "samples": [
        {
            "tag": "SW3",
            "contents": {
                "wpa": "\u0006񾪒H\u0012u~\u0001\u0011񶳺\u0002򜷟\u001dnO"
            }
        },
        {
            "tag": "SW3",
            "contents": {
                "wpa": "$󥈓,\u001dyh󰻕m󶝤tp𹪶"
            }
        },
        {
            "tag": "SW3",
            "contents": {
                "wpa": "iOO6x\u000f[󣗃\u0003hoG.Qt򎷒9X_򜸤2󊪻"
            }
        },
        {
            "tag": "SW3",
            "contents": {
                "wpa": "\u000f浽"
            }
        },
        {
            "tag": "SW3",
            "contents": {
                "wpa": "\u001e"
            }
        },
        {
            "tag": "SW3",
            "contents": {
                "wpa": "\u0000C P\u001fI󲡹PE\u0010\u0007g<󴥉%🂢"
            }
        },
        {
            "tag": "SW3",
            "contents": {
                "wpa": "񬽻\u000eK 򣎛8{󫊫򪀣򨦺9$"
            }
        },
        {
            "tag": "SW3",
            "contents": {
                "wpa": "𺩹=qD󋻕b5^^ob.|\u0000\u001a3c^"
            }
        },
        {
            "tag": "SW3",
            "contents": {
                "wpa": "󡻌\u0000򢑵\u00159\u0012\u001dC󛪯󔑎)"
            }
        },
        {
            "tag": "SW3",
            "contents": {
                "wpa": "(T񄳫^_"
            }
        }
    ]
}