{
    "seed": 8348467371920453413,
    "samples": [
        {
            "tag": "SW4",
            "contents": {
                "wpa": {
                    "Left": 22
                }
            }
        },
        {
            "tag": "SW4",
            "contents": {
                "wpa": {
                    "Left": -7
                }
            }
        },
        {
            "tag": "SW4",
            "contents": {
                "wpa": {
                    "Right": "\u000f0F?!W𪣼򮍝;󉒭󘇴񎜃l𲥭"
                }
            }
        },
        {
            "tag": "SW4",
            "contents": {
                "wpa": {
                    "Left": -18
                }
            }
        },
        {
            "tag": "SW4",
            "contents": {
                "wpa": {
                    "Left": 1
                }
            }
        },
        {
            "tag": "SW4",
            "contents": {
                "wpa": {
                    "Left": -30
                }
            }
        },
        {
            "tag": "SW4",
            "contents": {
                "wpa": {
                    "Left": 0
                }
            }
        },
        {
            "tag": "SW4",
            "contents": {
                "wpa": {
                    "Right": "\u0005\u000b"
                }
            }
        },
        {
            "tag": "SW4",
            "contents": {
                "wpa": {
                    "Right": "󟘔񆾡OB񎀹򭝊񬰏[.\u0003󮽢%rd󩞼\u0007t<󷲕<"
                }
            }
        },
        {
            "tag": "SW4",
            "contents": {
                "wpa": {
                    "Left": 20
                }
            }
        }
    ]
}