{
    "seed": -7180944198479959613,
    "samples": [
        {
            "name": "wy\u0001ÁX\"[£",
            "id": 0
        },
        {
            "name": "F\u000bÉK-y1(P\u0010|",
            "id": -22
        },
        {
            "name": "º\u00151i\u0013º¶\u0012.|\u0010Ô\u000fJÍJP#Gp©Õþ#V)O:\\\u0014",
            "id": 21
        },
        {
            "name": "Ñ8",
            "id": 1
        },
        {
            "name": "\u0002]\u0001¶\u000fH=\"B\u001b;i*ò\u001cæ4\u000f&\u0011\u0007í>hf",
            "id": -23
        },
        {
            "name": null,
            "id": -17
        },
        {
            "name": "9A¼\u0000\u0008/â=Y\u001f\u0007+",
            "id": 15
        },
        {
            "name": null,
            "id": 20
        },
        {
            "name": "B³?A\u0006;K\u0002 j\u000f\u0010¨]êN",
            "id": -27
        },
        {
            "name": null,
            "id": -6
        }
    ]
}